LIBCLANG_PATH set to: /home/czy/openvela_contest/prebuilts/rust/linux/extra_libs
including vendor/infineon/boards/aurix/build/vendorsetup.sh
including vendor/infineon/boards/aurix_tc3/build/vendorsetup.sh
including vendor/openvela/boards/build/vendorsetup.sh
Build command line:
  /home/czy/openvela_contest/nuttx/tools/configure.sh -e /home/czy/openvela_contest/vendor/sifli/boards/sf32lb52/sf32lb52_lchspi_ulp/configs/nsh
  make -C /home/czy/openvela_contest/nuttx EXTRAFLAGS=-Wno-cpp -Wno-deprecated-declarations -j1
  make -C /home/czy/openvela_contest/nuttx savedefconfig
No configuration change.
make: Entering directory '/home/czy/openvela_contest/nuttx'
Makefile:169: target 'sf32lb_usbdev.o' given more than once in the same rule
[1KCC:  misc/lib_utsname.c [1K[1KIN: libs/libc/libc.a -> staging/libc.a [1KMakefile:169: target 'sf32lb_usbdev.o' given more than once in the same rule
[1KCC:  sifli_hal/bf0_hal.c In file included from /home/czy/openvela_contest/nuttx/../vendor/sifli/chips/drivers/Include/bf0_hal_rcc.h:15,
                 from /home/czy/openvela_contest/nuttx/../vendor/sifli/chips/drivers/Include/bf0_hal_conf_hcpu.h:222,
                 from /home/czy/openvela_contest/nuttx/../vendor/sifli/chips/drivers/Include/bf0_hal.h:22,
                 from sifli_hal/bf0_hal.c:8:
/home/czy/openvela_contest/nuttx/../vendor/sifli/chips/drivers/Include/bf0_hal_def.h:57: warning: "UNUSED" redefined
   57 | #define UNUSED(X) (void)X      /* To avoid gcc/g++ warnings */
      | 
In file included from /home/czy/openvela_contest/nuttx/include/sys/types.h:31,
                 from /home/czy/openvela_contest/nuttx/include/stddef.h:30,
                 from /home/czy/openvela_contest/nuttx/../vendor/sifli/chips/drivers/Include/bf0_hal_def.h:25:
/home/czy/openvela_contest/nuttx/include/nuttx/compiler.h:624: note: this is the location of the previous definition
  624 | #    define UNUSED(a) ((void)(1 || &(a)))
      | 
In file included from /home/czy/openvela_contest/nuttx/../vendor/sifli/chips/drivers/Include/bf0_hal_conf_hcpu.h:279:
/home/czy/openvela_contest/nuttx/../vendor/sifli/chips/drivers/Include/bf0_hal_mpi_ex.h:524:1: warning: function declaration isn't a prototype [-Wstrict-prototypes]
  524 | int HAL_QSPI_ENABLE_WDT();
      | ^~~
In file included from /home/czy/openvela_contest/nuttx/../vendor/sifli/chips/drivers/Include/bf0_hal_conf_hcpu.h:379:
/home/czy/openvela_contest/nuttx/../vendor/sifli/chips/drivers/Include/bf0_sys_cfg.h:167:1: warning: function declaration isn't a prototype [-Wstrict-prototypes]
  167 | char *BSP_Get_UserOTP_Cache();
      | ^~~~
/home/czy/openvela_contest/nuttx/../vendor/sifli/chips/drivers/Include/bf0_sys_cfg.h:168:1: warning: function declaration isn't a prototype [-Wstrict-prototypes]
  168 | char *BSP_Get_CustOTP_Cache();
      | ^~~~
/home/czy/openvela_contest/nuttx/../vendor/sifli/chips/drivers/Include/bf0_sys_cfg.h:170:1: warning: function declaration isn't a prototype [-Wstrict-prototypes]
  170 | char *BSP_Get_SysCfg_Cache();
      | ^~~~
/home/czy/openvela_contest/nuttx/../vendor/sifli/chips/drivers/Include/bf0_sys_cfg.h:175:1: warning: function declaration isn't a prototype [-Wstrict-prototypes]
  175 | uint32_t BSP_Get_Sip1_Mode();
      | ^~~~~~~~
/home/czy/openvela_contest/nuttx/../vendor/sifli/chips/drivers/Include/bf0_sys_cfg.h:176:1: warning: function declaration isn't a prototype [-Wstrict-prototypes]
  176 | uint32_t BSP_Get_Sip2_Mode();
      | ^~~~~~~~
In file included from /home/czy/openvela_contest/nuttx/../vendor/sifli/chips/drivers/Include/bf0_hal_conf_hcpu.h:383:
/home/czy/openvela_contest/nuttx/../vendor/sifli/chips/drivers/Include/bf0_hal_pmu.h:510:35: warning: function declaration isn't a prototype [-Wstrict-prototypes]
  510 | __STATIC_INLINE HAL_StatusTypeDef HAL_PMU_EnableChgWakeup()
      |                                   ^~~~~~~~~~~~~~~~~~~~~~~
/home/czy/openvela_contest/nuttx/../vendor/sifli/chips/drivers/Include/bf0_hal_pmu.h:518:35: warning: function declaration isn't a prototype [-Wstrict-prototypes]
  518 | __STATIC_INLINE HAL_StatusTypeDef HAL_PMU_DisableChgWakeup()
      |                                   ^~~~~~~~~~~~~~~~~~~~~~~~
In file included from /home/czy/openvela_contest/nuttx/../vendor/sifli/chips/drivers/Include/bf0_hal_conf_hcpu.h:431:
/home/czy/openvela_contest/nuttx/../vendor/sifli/chips/drivers/Include/bf0_hal_lrc_cal.h:64:1: warning: function declaration isn't a prototype [-Wstrict-prototypes]
   64 | float HAL_LPTIM_GetFreq();
      | ^~~~~
In file included from /home/czy/openvela_contest/nuttx/../vendor/sifli/chips/drivers/Include/bf0_hal_conf_hcpu.h:456:
/home/czy/openvela_contest/nuttx/../vendor/sifli/chips/drivers/Include/bf0_hal_audcodec.h:367:1: warning: function declaration isn't a prototype [-Wstrict-prototypes]
  367 | void HAL_TURN_OFF_PLL();
      | ^~~~
/home/czy/openvela_contest/nuttx/../vendor/sifli/chips/drivers/Include/bf0_hal_audcodec.h:538:1: warning: function declaration isn't a prototype [-Wstrict-prototypes]
  538 | uint8_t get_pll_state();
      | ^~~~~~~
/home/czy/openvela_contest/nuttx/../vendor/sifli/chips/drivers/Include/bf0_hal_audcodec.h:540:1: warning: function declaration isn't a prototype [-Wstrict-prototypes]
  540 | uint8_t get_pll_freq_type();
      | ^~~~~~~
/home/czy/openvela_contest/nuttx/../vendor/sifli/chips/drivers/Include/bf0_hal_audcodec.h:543:1: warning: function declaration isn't a prototype [-Wstrict-prototypes]
  543 | void bf0_disable_pll();
      | ^~~~
/home/czy/openvela_contest/nuttx/../vendor/sifli/chips/drivers/Include/bf0_hal_audcodec.h:544:1: warning: function declaration isn't a prototype [-Wstrict-prototypes]
  544 | void HAL_TURN_ON_PLL();
      | ^~~~
[1K[1KCC:  sifli_hal/bf0_hal_adc.c In file included from /home/czy/openvela_contest/nuttx/../vendor/sifli/chips/drivers/Include/bf0_hal_rcc.h:15,
                 from /home/czy/openvela_contest/nuttx/../vendor/sifli/chips/drivers/Include/bf0_hal_conf_hcpu.h:222,
                 from /home/czy/openvela_contest/nuttx/../vendor/sifli/chips/drivers/Include/bf0_hal.h:22,
                 from sifli_hal/bf0_hal_adc.c:8:
/home/czy/openvela_contest/nuttx/../vendor/sifli/chips/drivers/Include/bf0_hal_def.h:57: warning: "UNUSED" redefined
   57 | #define UNUSED(X) (void)X      /* To avoid gcc/g++ warnings */
      | 
In file included from /home/czy/openvela_contest/nuttx/include/sys/types.h:31,
                 from /home/czy/openvela_contest/nuttx/include/stddef.h:30,
                 from /home/czy/openvela_contest/nuttx/../vendor/sifli/chips/drivers/Include/bf0_hal_def.h:25:
/home/czy/openvela_contest/nuttx/include/nuttx/compiler.h:624: note: this is the location of the previous definition
  624 | #    define UNUSED(a) ((void)(1 || &(a)))
      | 
In file included from /home/czy/openvela_contest/nuttx/../vendor/sifli/chips/drivers/Include/bf0_hal_conf_hcpu.h:279:
/home/czy/openvela_contest/nuttx/../vendor/sifli/chips/drivers/Include/bf0_hal_mpi_ex.h:524:1: warning: function declaration isn't a prototype [-Wstrict-prototypes]
  524 | int HAL_QSPI_ENABLE_WDT();
      | ^~~
In file included from /home/czy/openvela_contest/nuttx/../vendor/sifli/chips/drivers/Include/bf0_hal_conf_hcpu.h:379:
/home/czy/openvela_contest/nuttx/../vendor/sifli/chips/drivers/Include/bf0_sys_cfg.h:167:1: warning: function declaration isn't a prototype [-Wstrict-prototypes]
  167 | char *BSP_Get_UserOTP_Cache();
      | ^~~~
/home/czy/openvela_contest/nuttx/../vendor/sifli/chips/drivers/Include/bf0_sys_cfg.h:168:1: warning: function declaration isn't a prototype [-Wstrict-prototypes]
  168 | char *BSP_Get_CustOTP_Cache();
      | ^~~~
/home/czy/openvela_contest/nuttx/../vendor/sifli/chips/drivers/Include/bf0_sys_cfg.h:170:1: warning: function declaration isn't a prototype [-Wstrict-prototypes]
  170 | char *BSP_Get_SysCfg_Cache();
      | ^~~~
/home/czy/openvela_contest/nuttx/../vendor/sifli/chips/drivers/Include/bf0_sys_cfg.h:175:1: warning: function declaration isn't a prototype [-Wstrict-prototypes]
  175 | uint32_t BSP_Get_Sip1_Mode();
      | ^~~~~~~~
/home/czy/openvela_contest/nuttx/../vendor/sifli/chips/drivers/Include/bf0_sys_cfg.h:176:1: warning: function declaration isn't a prototype [-Wstrict-prototypes]
  176 | uint32_t BSP_Get_Sip2_Mode();
      | ^~~~~~~~
In file included from /home/czy/openvela_contest/nuttx/../vendor/sifli/chips/drivers/Include/bf0_hal_conf_hcpu.h:383:
/home/czy/openvela_contest/nuttx/../vendor/sifli/chips/drivers/Include/bf0_hal_pmu.h:510:35: warning: function declaration isn't a prototype [-Wstrict-prototypes]
  510 | __STATIC_INLINE HAL_StatusTypeDef HAL_PMU_EnableChgWakeup()
      |                                   ^~~~~~~~~~~~~~~~~~~~~~~
/home/czy/openvela_contest/nuttx/../vendor/sifli/chips/drivers/Include/bf0_hal_pmu.h:518:35: warning: function declaration isn't a prototype [-Wstrict-prototypes]
  518 | __STATIC_INLINE HAL_StatusTypeDef HAL_PMU_DisableChgWakeup()
      |                                   ^~~~~~~~~~~~~~~~~~~~~~~~
In file included from /home/czy/openvela_contest/nuttx/../vendor/sifli/chips/drivers/Include/bf0_hal_conf_hcpu.h:431:
/home/czy/openvela_contest/nuttx/../vendor/sifli/chips/drivers/Include/bf0_hal_lrc_cal.h:64:1: warning: function declaration isn't a prototype [-Wstrict-prototypes]
   64 | float HAL_LPTIM_GetFreq();
      | ^~~~~
In file included from /home/czy/openvela_contest/nuttx/../vendor/sifli/chips/drivers/Include/bf0_hal_conf_hcpu.h:456:
/home/czy/openvela_contest/nuttx/../vendor/sifli/chips/drivers/Include/bf0_hal_audcodec.h:367:1: warning: function declaration isn't a prototype [-Wstrict-prototypes]
  367 | void HAL_TURN_OFF_PLL();
      | ^~~~
/home/czy/openvela_contest/nuttx/../vendor/sifli/chips/drivers/Include/bf0_hal_audcodec.h:538:1: warning: function declaration isn't a prototype [-Wstrict-prototypes]
  538 | uint8_t get_pll_state();
      | ^~~~~~~
/home/czy/openvela_contest/nuttx/../vendor/sifli/chips/drivers/Include/bf0_hal_audcodec.h:540:1: warning: function declaration isn't a prototype [-Wstrict-prototypes]
  540 | uint8_t get_pll_freq_type();
      | ^~~~~~~
/home/czy/openvela_contest/nuttx/../vendor/sifli/chips/drivers/Include/bf0_hal_audcodec.h:543:1: warning: function declaration isn't a prototype [-Wstrict-prototypes]
  543 | void bf0_disable_pll();
      | ^~~~
/home/czy/openvela_contest/nuttx/../vendor/sifli/chips/drivers/Include/bf0_hal_audcodec.h:544:1: warning: function declaration isn't a prototype [-Wstrict-prototypes]
  544 | void HAL_TURN_ON_PLL();
      | ^~~~
[1K[1KCC:  sifli_hal/bf0_hal_dma.c In file included from /home/czy/openvela_contest/nuttx/../vendor/sifli/chips/drivers/Include/bf0_hal_rcc.h:15,
                 from /home/czy/openvela_contest/nuttx/../vendor/sifli/chips/drivers/Include/bf0_hal_conf_hcpu.h:222,
                 from /home/czy/openvela_contest/nuttx/../vendor/sifli/chips/drivers/Include/bf0_hal.h:22,
                 from sifli_hal/bf0_hal_dma.c:8:
/home/czy/openvela_contest/nuttx/../vendor/sifli/chips/drivers/Include/bf0_hal_def.h:57: warning: "UNUSED" redefined
   57 | #define UNUSED(X) (void)X      /* To avoid gcc/g++ warnings */
      | 
In file included from /home/czy/openvela_contest/nuttx/include/sys/types.h:31,
                 from /home/czy/openvela_contest/nuttx/include/stddef.h:30,
                 from /home/czy/openvela_contest/nuttx/../vendor/sifli/chips/drivers/Include/bf0_hal_def.h:25:
/home/czy/openvela_contest/nuttx/include/nuttx/compiler.h:624: note: this is the location of the previous definition
  624 | #    define UNUSED(a) ((void)(1 || &(a)))
      | 
In file included from /home/czy/openvela_contest/nuttx/../vendor/sifli/chips/drivers/Include/bf0_hal_conf_hcpu.h:279:
/home/czy/openvela_contest/nuttx/../vendor/sifli/chips/drivers/Include/bf0_hal_mpi_ex.h:524:1: warning: function declaration isn't a prototype [-Wstrict-prototypes]
  524 | int HAL_QSPI_ENABLE_WDT();
      | ^~~
In file included from /home/czy/openvela_contest/nuttx/../vendor/sifli/chips/drivers/Include/bf0_hal_conf_hcpu.h:379:
/home/czy/openvela_contest/nuttx/../vendor/sifli/chips/drivers/Include/bf0_sys_cfg.h:167:1: warning: function declaration isn't a prototype [-Wstrict-prototypes]
  167 | char *BSP_Get_UserOTP_Cache();
      | ^~~~
/home/czy/openvela_contest/nuttx/../vendor/sifli/chips/drivers/Include/bf0_sys_cfg.h:168:1: warning: function declaration isn't a prototype [-Wstrict-prototypes]
  168 | char *BSP_Get_CustOTP_Cache();
      | ^~~~
/home/czy/openvela_contest/nuttx/../vendor/sifli/chips/drivers/Include/bf0_sys_cfg.h:170:1: warning: function declaration isn't a prototype [-Wstrict-prototypes]
  170 | char *BSP_Get_SysCfg_Cache();
      | ^~~~
/home/czy/openvela_contest/nuttx/../vendor/sifli/chips/drivers/Include/bf0_sys_cfg.h:175:1: warning: function declaration isn't a prototype [-Wstrict-prototypes]
  175 | uint32_t BSP_Get_Sip1_Mode();
      | ^~~~~~~~
/home/czy/openvela_contest/nuttx/../vendor/sifli/chips/drivers/Include/bf0_sys_cfg.h:176:1: warning: function declaration isn't a prototype [-Wstrict-prototypes]
  176 | uint32_t BSP_Get_Sip2_Mode();
      | ^~~~~~~~
In file included from /home/czy/openvela_contest/nuttx/../vendor/sifli/chips/drivers/Include/bf0_hal_conf_hcpu.h:383:
/home/czy/openvela_contest/nuttx/../vendor/sifli/chips/drivers/Include/bf0_hal_pmu.h:510:35: warning: function declaration isn't a prototype [-Wstrict-prototypes]
  510 | __STATIC_INLINE HAL_StatusTypeDef HAL_PMU_EnableChgWakeup()
      |                                   ^~~~~~~~~~~~~~~~~~~~~~~
/home/czy/openvela_contest/nuttx/../vendor/sifli/chips/drivers/Include/bf0_hal_pmu.h:518:35: warning: function declaration isn't a prototype [-Wstrict-prototypes]
  518 | __STATIC_INLINE HAL_StatusTypeDef HAL_PMU_DisableChgWakeup()
      |                                   ^~~~~~~~~~~~~~~~~~~~~~~~
In file included from /home/czy/openvela_contest/nuttx/../vendor/sifli/chips/drivers/Include/bf0_hal_conf_hcpu.h:431:
/home/czy/openvela_contest/nuttx/../vendor/sifli/chips/drivers/Include/bf0_hal_lrc_cal.h:64:1: warning: function declaration isn't a prototype [-Wstrict-prototypes]
   64 | float HAL_LPTIM_GetFreq();
      | ^~~~~
In file included from /home/czy/openvela_contest/nuttx/../vendor/sifli/chips/drivers/Include/bf0_hal_conf_hcpu.h:456:
/home/czy/openvela_contest/nuttx/../vendor/sifli/chips/drivers/Include/bf0_hal_audcodec.h:367:1: warning: function declaration isn't a prototype [-Wstrict-prototypes]
  367 | void HAL_TURN_OFF_PLL();
      | ^~~~
/home/czy/openvela_contest/nuttx/../vendor/sifli/chips/drivers/Include/bf0_hal_audcodec.h:538:1: warning: function declaration isn't a prototype [-Wstrict-prototypes]
  538 | uint8_t get_pll_state();
      | ^~~~~~~
/home/czy/openvela_contest/nuttx/../vendor/sifli/chips/drivers/Include/bf0_hal_audcodec.h:540:1: warning: function declaration isn't a prototype [-Wstrict-prototypes]
  540 | uint8_t get_pll_freq_type();
      | ^~~~~~~
/home/czy/openvela_contest/nuttx/../vendor/sifli/chips/drivers/Include/bf0_hal_audcodec.h:543:1: warning: function declaration isn't a prototype [-Wstrict-prototypes]
  543 | void bf0_disable_pll();
      | ^~~~
/home/czy/openvela_contest/nuttx/../vendor/sifli/chips/drivers/Include/bf0_hal_audcodec.h:544:1: warning: function declaration isn't a prototype [-Wstrict-prototypes]
  544 | void HAL_TURN_ON_PLL();
      | ^~~~
In file included from /home/czy/openvela_contest/nuttx/../vendor/sifli/chips/drivers/cmsis/sf32lb52x/register.h:246,
                 from /home/czy/openvela_contest/nuttx/../vendor/sifli/chips/drivers/Include/bf0_hal_def.h:52:
sifli_hal/bf0_hal_dma.c: In function 'DMA_Start':
/home/czy/openvela_contest/nuttx/../vendor/sifli/chips/drivers/cmsis/Include/system_bf0_ap.h:57:37: warning: statement with no effect [-Wunused-value]
   57 | #define mpu_dcache_clean(data,size) 0
      |                                     ^
sifli_hal/bf0_hal_dma.c:437:5: note: in expansion of macro 'mpu_dcache_clean'
  437 |     mpu_dcache_clean((void *)hdma->SrcAddress, trans_bytes_src);
      |     ^~~~~~~~~~~~~~~~
[1K[1KCC:  sifli_hal/bf0_hal_gpio.c In file included from /home/czy/openvela_contest/nuttx/../vendor/sifli/chips/drivers/Include/bf0_hal_rcc.h:15,
                 from /home/czy/openvela_contest/nuttx/../vendor/sifli/chips/drivers/Include/bf0_hal_conf_hcpu.h:222,
                 from /home/czy/openvela_contest/nuttx/../vendor/sifli/chips/drivers/Include/bf0_hal.h:22,
                 from sifli_hal/bf0_hal_gpio.c:7:
/home/czy/openvela_contest/nuttx/../vendor/sifli/chips/drivers/Include/bf0_hal_def.h:57: warning: "UNUSED" redefined
   57 | #define UNUSED(X) (void)X      /* To avoid gcc/g++ warnings */
      | 
In file included from /home/czy/openvela_contest/nuttx/include/sys/types.h:31,
                 from /home/czy/openvela_contest/nuttx/include/stddef.h:30,
                 from /home/czy/openvela_contest/nuttx/../vendor/sifli/chips/drivers/Include/bf0_hal_def.h:25:
/home/czy/openvela_contest/nuttx/include/nuttx/compiler.h:624: note: this is the location of the previous definition
  624 | #    define UNUSED(a) ((void)(1 || &(a)))
      | 
In file included from /home/czy/openvela_contest/nuttx/../vendor/sifli/chips/drivers/Include/bf0_hal_conf_hcpu.h:279:
/home/czy/openvela_contest/nuttx/../vendor/sifli/chips/drivers/Include/bf0_hal_mpi_ex.h:524:1: warning: function declaration isn't a prototype [-Wstrict-prototypes]
  524 | int HAL_QSPI_ENABLE_WDT();
      | ^~~
In file included from /home/czy/openvela_contest/nuttx/../vendor/sifli/chips/drivers/Include/bf0_hal_conf_hcpu.h:379:
/home/czy/openvela_contest/nuttx/../vendor/sifli/chips/drivers/Include/bf0_sys_cfg.h:167:1: warning: function declaration isn't a prototype [-Wstrict-prototypes]
  167 | char *BSP_Get_UserOTP_Cache();
      | ^~~~
/home/czy/openvela_contest/nuttx/../vendor/sifli/chips/drivers/Include/bf0_sys_cfg.h:168:1: warning: function declaration isn't a prototype [-Wstrict-prototypes]
  168 | char *BSP_Get_CustOTP_Cache();
      | ^~~~
/home/czy/openvela_contest/nuttx/../vendor/sifli/chips/drivers/Include/bf0_sys_cfg.h:170:1: warning: function declaration isn't a prototype [-Wstrict-prototypes]
  170 | char *BSP_Get_SysCfg_Cache();
      | ^~~~
/home/czy/openvela_contest/nuttx/../vendor/sifli/chips/drivers/Include/bf0_sys_cfg.h:175:1: warning: function declaration isn't a prototype [-Wstrict-prototypes]
  175 | uint32_t BSP_Get_Sip1_Mode();
      | ^~~~~~~~
/home/czy/openvela_contest/nuttx/../vendor/sifli/chips/drivers/Include/bf0_sys_cfg.h:176:1: warning: function declaration isn't a prototype [-Wstrict-prototypes]
  176 | uint32_t BSP_Get_Sip2_Mode();
      | ^~~~~~~~
In file included from /home/czy/openvela_contest/nuttx/../vendor/sifli/chips/drivers/Include/bf0_hal_conf_hcpu.h:383:
/home/czy/openvela_contest/nuttx/../vendor/sifli/chips/drivers/Include/bf0_hal_pmu.h:510:35: warning: function declaration isn't a prototype [-Wstrict-prototypes]
  510 | __STATIC_INLINE HAL_StatusTypeDef HAL_PMU_EnableChgWakeup()
      |                                   ^~~~~~~~~~~~~~~~~~~~~~~
/home/czy/openvela_contest/nuttx/../vendor/sifli/chips/drivers/Include/bf0_hal_pmu.h:518:35: warning: function declaration isn't a prototype [-Wstrict-prototypes]
  518 | __STATIC_INLINE HAL_StatusTypeDef HAL_PMU_DisableChgWakeup()
      |                                   ^~~~~~~~~~~~~~~~~~~~~~~~
In file included from /home/czy/openvela_contest/nuttx/../vendor/sifli/chips/drivers/Include/bf0_hal_conf_hcpu.h:431:
/home/czy/openvela_contest/nuttx/../vendor/sifli/chips/drivers/Include/bf0_hal_lrc_cal.h:64:1: warning: function declaration isn't a prototype [-Wstrict-prototypes]
   64 | float HAL_LPTIM_GetFreq();
      | ^~~~~
In file included from /home/czy/openvela_contest/nuttx/../vendor/sifli/chips/drivers/Include/bf0_hal_conf_hcpu.h:456:
/home/czy/openvela_contest/nuttx/../vendor/sifli/chips/drivers/Include/bf0_hal_audcodec.h:367:1: warning: function declaration isn't a prototype [-Wstrict-prototypes]
  367 | void HAL_TURN_OFF_PLL();
      | ^~~~
/home/czy/openvela_contest/nuttx/../vendor/sifli/chips/drivers/Include/bf0_hal_audcodec.h:538:1: warning: function declaration isn't a prototype [-Wstrict-prototypes]
  538 | uint8_t get_pll_state();
      | ^~~~~~~
/home/czy/openvela_contest/nuttx/../vendor/sifli/chips/drivers/Include/bf0_hal_audcodec.h:540:1: warning: function declaration isn't a prototype [-Wstrict-prototypes]
  540 | uint8_t get_pll_freq_type();
      | ^~~~~~~
/home/czy/openvela_contest/nuttx/../vendor/sifli/chips/drivers/Include/bf0_hal_audcodec.h:543:1: warning: function declaration isn't a prototype [-Wstrict-prototypes]
  543 | void bf0_disable_pll();
      | ^~~~
/home/czy/openvela_contest/nuttx/../vendor/sifli/chips/drivers/Include/bf0_hal_audcodec.h:544:1: warning: function declaration isn't a prototype [-Wstrict-prototypes]
  544 | void HAL_TURN_ON_PLL();
      | ^~~~
sifli_hal/bf0_hal_gpio.c: In function 'HAL_GPIO_EXTI_IRQHandler':
sifli_hal/bf0_hal_gpio.c:544:26: warning: implicit declaration of function 'HAL_HPAON_QueryWakeupPin' [-Wimplicit-function-declaration]
  544 |             wakeup_pin = HAL_HPAON_QueryWakeupPin(hgpio, GPIO_Pin);
      |                          ^~~~~~~~~~~~~~~~~~~~~~~~
sifli_hal/bf0_hal_gpio.c:547:17: warning: implicit declaration of function 'HAL_HPAON_CLEAR_WSR'; did you mean 'HAL_PMU_CLEAR_WSR'? [-Wimplicit-function-declaration]
  547 |                 HAL_HPAON_CLEAR_WSR(1UL << (HPSYS_AON_WCR_PIN0_Pos + wakeup_pin));
      |                 ^~~~~~~~~~~~~~~~~~~
      |                 HAL_PMU_CLEAR_WSR
sifli_hal/bf0_hal_gpio.c:553:26: warning: implicit declaration of function 'HAL_LPAON_QueryWakeupPin' [-Wimplicit-function-declaration]
  553 |             wakeup_pin = HAL_LPAON_QueryWakeupPin(hgpio, GPIO_Pin);
      |                          ^~~~~~~~~~~~~~~~~~~~~~~~
sifli_hal/bf0_hal_gpio.c:556:17: warning: implicit declaration of function 'HAL_LPAON_CLEAR_WSR'; did you mean 'HAL_PMU_CLEAR_WSR'? [-Wimplicit-function-declaration]
  556 |                 HAL_LPAON_CLEAR_WSR(1UL << (LPSYS_AON_WCR_PIN0_Pos + wakeup_pin));
      |                 ^~~~~~~~~~~~~~~~~~~
      |                 HAL_PMU_CLEAR_WSR
[1K[1KCC:  sifli_hal/bf0_hal_hcd.c In file included from /home/czy/openvela_contest/nuttx/../vendor/sifli/chips/drivers/Include/bf0_hal_rcc.h:15,
                 from /home/czy/openvela_contest/nuttx/../vendor/sifli/chips/drivers/Include/bf0_hal_conf_hcpu.h:222,
                 from /home/czy/openvela_contest/nuttx/../vendor/sifli/chips/drivers/Include/bf0_hal.h:22,
                 from sifli_hal/bf0_hal_hcd.c:9:
/home/czy/openvela_contest/nuttx/../vendor/sifli/chips/drivers/Include/bf0_hal_def.h:57: warning: "UNUSED" redefined
   57 | #define UNUSED(X) (void)X      /* To avoid gcc/g++ warnings */
      | 
In file included from /home/czy/openvela_contest/nuttx/include/sys/types.h:31,
                 from /home/czy/openvela_contest/nuttx/include/stddef.h:30,
                 from /home/czy/openvela_contest/nuttx/../vendor/sifli/chips/drivers/Include/bf0_hal_def.h:25:
/home/czy/openvela_contest/nuttx/include/nuttx/compiler.h:624: note: this is the location of the previous definition
  624 | #    define UNUSED(a) ((void)(1 || &(a)))
      | 
In file included from /home/czy/openvela_contest/nuttx/../vendor/sifli/chips/drivers/Include/bf0_hal_conf_hcpu.h:279:
/home/czy/openvela_contest/nuttx/../vendor/sifli/chips/drivers/Include/bf0_hal_mpi_ex.h:524:1: warning: function declaration isn't a prototype [-Wstrict-prototypes]
  524 | int HAL_QSPI_ENABLE_WDT();
      | ^~~
In file included from /home/czy/openvela_contest/nuttx/../vendor/sifli/chips/drivers/Include/bf0_hal_conf_hcpu.h:379:
/home/czy/openvela_contest/nuttx/../vendor/sifli/chips/drivers/Include/bf0_sys_cfg.h:167:1: warning: function declaration isn't a prototype [-Wstrict-prototypes]
  167 | char *BSP_Get_UserOTP_Cache();
      | ^~~~
/home/czy/openvela_contest/nuttx/../vendor/sifli/chips/drivers/Include/bf0_sys_cfg.h:168:1: warning: function declaration isn't a prototype [-Wstrict-prototypes]
  168 | char *BSP_Get_CustOTP_Cache();
      | ^~~~
/home/czy/openvela_contest/nuttx/../vendor/sifli/chips/drivers/Include/bf0_sys_cfg.h:170:1: warning: function declaration isn't a prototype [-Wstrict-prototypes]
  170 | char *BSP_Get_SysCfg_Cache();
      | ^~~~
/home/czy/openvela_contest/nuttx/../vendor/sifli/chips/drivers/Include/bf0_sys_cfg.h:175:1: warning: function declaration isn't a prototype [-Wstrict-prototypes]
  175 | uint32_t BSP_Get_Sip1_Mode();
      | ^~~~~~~~
/home/czy/openvela_contest/nuttx/../vendor/sifli/chips/drivers/Include/bf0_sys_cfg.h:176:1: warning: function declaration isn't a prototype [-Wstrict-prototypes]
  176 | uint32_t BSP_Get_Sip2_Mode();
      | ^~~~~~~~
In file included from /home/czy/openvela_contest/nuttx/../vendor/sifli/chips/drivers/Include/bf0_hal_conf_hcpu.h:383:
/home/czy/openvela_contest/nuttx/../vendor/sifli/chips/drivers/Include/bf0_hal_pmu.h:510:35: warning: function declaration isn't a prototype [-Wstrict-prototypes]
  510 | __STATIC_INLINE HAL_StatusTypeDef HAL_PMU_EnableChgWakeup()
      |                                   ^~~~~~~~~~~~~~~~~~~~~~~
/home/czy/openvela_contest/nuttx/../vendor/sifli/chips/drivers/Include/bf0_hal_pmu.h:518:35: warning: function declaration isn't a prototype [-Wstrict-prototypes]
  518 | __STATIC_INLINE HAL_StatusTypeDef HAL_PMU_DisableChgWakeup()
      |                                   ^~~~~~~~~~~~~~~~~~~~~~~~
In file included from /home/czy/openvela_contest/nuttx/../vendor/sifli/chips/drivers/Include/bf0_hal_conf_hcpu.h:431:
/home/czy/openvela_contest/nuttx/../vendor/sifli/chips/drivers/Include/bf0_hal_lrc_cal.h:64:1: warning: function declaration isn't a prototype [-Wstrict-prototypes]
   64 | float HAL_LPTIM_GetFreq();
      | ^~~~~
In file included from /home/czy/openvela_contest/nuttx/../vendor/sifli/chips/drivers/Include/bf0_hal_conf_hcpu.h:456:
/home/czy/openvela_contest/nuttx/../vendor/sifli/chips/drivers/Include/bf0_hal_audcodec.h:367:1: warning: function declaration isn't a prototype [-Wstrict-prototypes]
  367 | void HAL_TURN_OFF_PLL();
      | ^~~~
/home/czy/openvela_contest/nuttx/../vendor/sifli/chips/drivers/Include/bf0_hal_audcodec.h:538:1: warning: function declaration isn't a prototype [-Wstrict-prototypes]
  538 | uint8_t get_pll_state();
      | ^~~~~~~
/home/czy/openvela_contest/nuttx/../vendor/sifli/chips/drivers/Include/bf0_hal_audcodec.h:540:1: warning: function declaration isn't a prototype [-Wstrict-prototypes]
  540 | uint8_t get_pll_freq_type();
      | ^~~~~~~
/home/czy/openvela_contest/nuttx/../vendor/sifli/chips/drivers/Include/bf0_hal_audcodec.h:543:1: warning: function declaration isn't a prototype [-Wstrict-prototypes]
  543 | void bf0_disable_pll();
      | ^~~~
/home/czy/openvela_contest/nuttx/../vendor/sifli/chips/drivers/Include/bf0_hal_audcodec.h:544:1: warning: function declaration isn't a prototype [-Wstrict-prototypes]
  544 | void HAL_TURN_ON_PLL();
      | ^~~~
sifli_hal/bf0_hal_hcd.c: In function 'HAL_HCD_Init':
sifli_hal/bf0_hal_hcd.c:132:28: warning: variable 'USBx' set but not used [-Wunused-but-set-variable]
  132 |     USB_OTG_GlobalTypeDef *USBx;
      |                            ^~~~
In file included from /home/czy/openvela_contest/nuttx/../vendor/sifli/chips/drivers/cmsis/sf32lb52x/register.h:246,
                 from /home/czy/openvela_contest/nuttx/../vendor/sifli/chips/drivers/Include/bf0_hal_def.h:52:
sifli_hal/bf0_hal_hcd.c: In function 'HAL_HCD_HC_SubmitRequest':
/home/czy/openvela_contest/nuttx/../vendor/sifli/chips/drivers/cmsis/Include/system_bf0_ap.h:57:37: warning: statement with no effect [-Wunused-value]
   57 | #define mpu_dcache_clean(data,size) 0
      |                                     ^
sifli_hal/bf0_hal_hcd.c:483:17: note: in expansion of macro 'mpu_dcache_clean'
  483 |                 mpu_dcache_clean((void *)pbuff, length);
      |                 ^~~~~~~~~~~~~~~~
sifli_hal/bf0_hal_hcd.c:455:17: warning: unused variable 'i' [-Wunused-variable]
  455 |             int i;
      |                 ^
sifli_hal/bf0_hal_hcd.c: In function 'HAL_HCD_IRQHandler':
sifli_hal/bf0_hal_hcd.c:757:21: warning: unused variable 'ch_num' [-Wunused-variable]
  757 |             uint8_t ch_num = hhcd->hc[ep_num].ep_num;
      |                     ^~~~~~
sifli_hal/bf0_hal_hcd.c: In function 'HCD_HC_IN_IRQHandler':
sifli_hal/bf0_hal_hcd.c:1566:5: warning: "USB_RX_DMA_ENABLED" is not defined, evaluates to 0 [-Wundef]
 1566 | #if USB_RX_DMA_ENABLED
      |     ^~~~~~~~~~~~~~~~~~
sifli_hal/bf0_hal_hcd.c:1558:13: warning: unused variable 'i' [-Wunused-variable]
 1558 |         int i;
      |             ^
sifli_hal/bf0_hal_hcd.c:1514:19: warning: unused variable 'fifox' [-Wunused-variable]
 1514 |     __IO uint8_t *fifox = (__IO uint8_t *) & (hhcd->Instance->fifox[ep_num]);
      |                   ^~~~~
sifli_hal/bf0_hal_hcd.c:1513:14: warning: variable 'pBuf' set but not used [-Wunused-but-set-variable]
 1513 |     uint8_t *pBuf;
      |              ^~~~
sifli_hal/bf0_hal_hcd.c: In function 'HAL_HCD_HC_Init':
sifli_hal/bf0_hal_hcd.c:235:12: warning: 'status' may be used uninitialized [-Wmaybe-uninitialized]
  235 |     return status;
      |            ^~~~~~
sifli_hal/bf0_hal_hcd.c:210:23: note: 'status' was declared here
  210 |     HAL_StatusTypeDef status;
      |                       ^~~~~~
[1K[1KCC:  sifli_hal/bf0_hal_hpaon.c In file included from /home/czy/openvela_contest/nuttx/../vendor/sifli/chips/drivers/Include/bf0_hal_rcc.h:15,
                 from /home/czy/openvela_contest/nuttx/../vendor/sifli/chips/drivers/Include/bf0_hal_conf_hcpu.h:222,
                 from /home/czy/openvela_contest/nuttx/../vendor/sifli/chips/drivers/Include/bf0_hal.h:22,
                 from sifli_hal/bf0_hal_hpaon.c:7:
/home/czy/openvela_contest/nuttx/../vendor/sifli/chips/drivers/Include/bf0_hal_def.h:57: warning: "UNUSED" redefined
   57 | #define UNUSED(X) (void)X      /* To avoid gcc/g++ warnings */
      | 
In file included from /home/czy/openvela_contest/nuttx/include/sys/types.h:31,
                 from /home/czy/openvela_contest/nuttx/include/stddef.h:30,
                 from /home/czy/openvela_contest/nuttx/../vendor/sifli/chips/drivers/Include/bf0_hal_def.h:25:
/home/czy/openvela_contest/nuttx/include/nuttx/compiler.h:624: note: this is the location of the previous definition
  624 | #    define UNUSED(a) ((void)(1 || &(a)))
      | 
In file included from /home/czy/openvela_contest/nuttx/../vendor/sifli/chips/drivers/Include/bf0_hal_conf_hcpu.h:279:
/home/czy/openvela_contest/nuttx/../vendor/sifli/chips/drivers/Include/bf0_hal_mpi_ex.h:524:1: warning: function declaration isn't a prototype [-Wstrict-prototypes]
  524 | int HAL_QSPI_ENABLE_WDT();
      | ^~~
In file included from /home/czy/openvela_contest/nuttx/../vendor/sifli/chips/drivers/Include/bf0_hal_conf_hcpu.h:379:
/home/czy/openvela_contest/nuttx/../vendor/sifli/chips/drivers/Include/bf0_sys_cfg.h:167:1: warning: function declaration isn't a prototype [-Wstrict-prototypes]
  167 | char *BSP_Get_UserOTP_Cache();
      | ^~~~
/home/czy/openvela_contest/nuttx/../vendor/sifli/chips/drivers/Include/bf0_sys_cfg.h:168:1: warning: function declaration isn't a prototype [-Wstrict-prototypes]
  168 | char *BSP_Get_CustOTP_Cache();
      | ^~~~
/home/czy/openvela_contest/nuttx/../vendor/sifli/chips/drivers/Include/bf0_sys_cfg.h:170:1: warning: function declaration isn't a prototype [-Wstrict-prototypes]
  170 | char *BSP_Get_SysCfg_Cache();
      | ^~~~
/home/czy/openvela_contest/nuttx/../vendor/sifli/chips/drivers/Include/bf0_sys_cfg.h:175:1: warning: function declaration isn't a prototype [-Wstrict-prototypes]
  175 | uint32_t BSP_Get_Sip1_Mode();
      | ^~~~~~~~
/home/czy/openvela_contest/nuttx/../vendor/sifli/chips/drivers/Include/bf0_sys_cfg.h:176:1: warning: function declaration isn't a prototype [-Wstrict-prototypes]
  176 | uint32_t BSP_Get_Sip2_Mode();
      | ^~~~~~~~
In file included from /home/czy/openvela_contest/nuttx/../vendor/sifli/chips/drivers/Include/bf0_hal_conf_hcpu.h:383:
/home/czy/openvela_contest/nuttx/../vendor/sifli/chips/drivers/Include/bf0_hal_pmu.h:510:35: warning: function declaration isn't a prototype [-Wstrict-prototypes]
  510 | __STATIC_INLINE HAL_StatusTypeDef HAL_PMU_EnableChgWakeup()
      |                                   ^~~~~~~~~~~~~~~~~~~~~~~
/home/czy/openvela_contest/nuttx/../vendor/sifli/chips/drivers/Include/bf0_hal_pmu.h:518:35: warning: function declaration isn't a prototype [-Wstrict-prototypes]
  518 | __STATIC_INLINE HAL_StatusTypeDef HAL_PMU_DisableChgWakeup()
      |                                   ^~~~~~~~~~~~~~~~~~~~~~~~
In file included from /home/czy/openvela_contest/nuttx/../vendor/sifli/chips/drivers/Include/bf0_hal_conf_hcpu.h:431:
/home/czy/openvela_contest/nuttx/../vendor/sifli/chips/drivers/Include/bf0_hal_lrc_cal.h:64:1: warning: function declaration isn't a prototype [-Wstrict-prototypes]
   64 | float HAL_LPTIM_GetFreq();
      | ^~~~~
In file included from /home/czy/openvela_contest/nuttx/../vendor/sifli/chips/drivers/Include/bf0_hal_conf_hcpu.h:456:
/home/czy/openvela_contest/nuttx/../vendor/sifli/chips/drivers/Include/bf0_hal_audcodec.h:367:1: warning: function declaration isn't a prototype [-Wstrict-prototypes]
  367 | void HAL_TURN_OFF_PLL();
      | ^~~~
/home/czy/openvela_contest/nuttx/../vendor/sifli/chips/drivers/Include/bf0_hal_audcodec.h:538:1: warning: function declaration isn't a prototype [-Wstrict-prototypes]
  538 | uint8_t get_pll_state();
      | ^~~~~~~
/home/czy/openvela_contest/nuttx/../vendor/sifli/chips/drivers/Include/bf0_hal_audcodec.h:540:1: warning: function declaration isn't a prototype [-Wstrict-prototypes]
  540 | uint8_t get_pll_freq_type();
      | ^~~~~~~
/home/czy/openvela_contest/nuttx/../vendor/sifli/chips/drivers/Include/bf0_hal_audcodec.h:543:1: warning: function declaration isn't a prototype [-Wstrict-prototypes]
  543 | void bf0_disable_pll();
      | ^~~~
/home/czy/openvela_contest/nuttx/../vendor/sifli/chips/drivers/Include/bf0_hal_audcodec.h:544:1: warning: function declaration isn't a prototype [-Wstrict-prototypes]
  544 | void HAL_TURN_ON_PLL();
      | ^~~~
[1K[1KCC:  sifli_hal/bf0_hal_i2c.c In file included from /home/czy/openvela_contest/nuttx/../vendor/sifli/chips/drivers/Include/bf0_hal_rcc.h:15,
                 from /home/czy/openvela_contest/nuttx/../vendor/sifli/chips/drivers/Include/bf0_hal_conf_hcpu.h:222,
                 from /home/czy/openvela_contest/nuttx/../vendor/sifli/chips/drivers/Include/bf0_hal.h:22,
                 from sifli_hal/bf0_hal_i2c.c:8:
/home/czy/openvela_contest/nuttx/../vendor/sifli/chips/drivers/Include/bf0_hal_def.h:57: warning: "UNUSED" redefined
   57 | #define UNUSED(X) (void)X      /* To avoid gcc/g++ warnings */
      | 
In file included from /home/czy/openvela_contest/nuttx/include/sys/types.h:31,
                 from /home/czy/openvela_contest/nuttx/include/stddef.h:30,
                 from /home/czy/openvela_contest/nuttx/../vendor/sifli/chips/drivers/Include/bf0_hal_def.h:25:
/home/czy/openvela_contest/nuttx/include/nuttx/compiler.h:624: note: this is the location of the previous definition
  624 | #    define UNUSED(a) ((void)(1 || &(a)))
      | 
In file included from /home/czy/openvela_contest/nuttx/../vendor/sifli/chips/drivers/Include/bf0_hal_conf_hcpu.h:279:
/home/czy/openvela_contest/nuttx/../vendor/sifli/chips/drivers/Include/bf0_hal_mpi_ex.h:524:1: warning: function declaration isn't a prototype [-Wstrict-prototypes]
  524 | int HAL_QSPI_ENABLE_WDT();
      | ^~~
In file included from /home/czy/openvela_contest/nuttx/../vendor/sifli/chips/drivers/Include/bf0_hal_conf_hcpu.h:379:
/home/czy/openvela_contest/nuttx/../vendor/sifli/chips/drivers/Include/bf0_sys_cfg.h:167:1: warning: function declaration isn't a prototype [-Wstrict-prototypes]
  167 | char *BSP_Get_UserOTP_Cache();
      | ^~~~
/home/czy/openvela_contest/nuttx/../vendor/sifli/chips/drivers/Include/bf0_sys_cfg.h:168:1: warning: function declaration isn't a prototype [-Wstrict-prototypes]
  168 | char *BSP_Get_CustOTP_Cache();
      | ^~~~
/home/czy/openvela_contest/nuttx/../vendor/sifli/chips/drivers/Include/bf0_sys_cfg.h:170:1: warning: function declaration isn't a prototype [-Wstrict-prototypes]
  170 | char *BSP_Get_SysCfg_Cache();
      | ^~~~
/home/czy/openvela_contest/nuttx/../vendor/sifli/chips/drivers/Include/bf0_sys_cfg.h:175:1: warning: function declaration isn't a prototype [-Wstrict-prototypes]
  175 | uint32_t BSP_Get_Sip1_Mode();
      | ^~~~~~~~
/home/czy/openvela_contest/nuttx/../vendor/sifli/chips/drivers/Include/bf0_sys_cfg.h:176:1: warning: function declaration isn't a prototype [-Wstrict-prototypes]
  176 | uint32_t BSP_Get_Sip2_Mode();
      | ^~~~~~~~
In file included from /home/czy/openvela_contest/nuttx/../vendor/sifli/chips/drivers/Include/bf0_hal_conf_hcpu.h:383:
/home/czy/openvela_contest/nuttx/../vendor/sifli/chips/drivers/Include/bf0_hal_pmu.h:510:35: warning: function declaration isn't a prototype [-Wstrict-prototypes]
  510 | __STATIC_INLINE HAL_StatusTypeDef HAL_PMU_EnableChgWakeup()
      |                                   ^~~~~~~~~~~~~~~~~~~~~~~
/home/czy/openvela_contest/nuttx/../vendor/sifli/chips/drivers/Include/bf0_hal_pmu.h:518:35: warning: function declaration isn't a prototype [-Wstrict-prototypes]
  518 | __STATIC_INLINE HAL_StatusTypeDef HAL_PMU_DisableChgWakeup()
      |                                   ^~~~~~~~~~~~~~~~~~~~~~~~
In file included from /home/czy/openvela_contest/nuttx/../vendor/sifli/chips/drivers/Include/bf0_hal_conf_hcpu.h:431:
/home/czy/openvela_contest/nuttx/../vendor/sifli/chips/drivers/Include/bf0_hal_lrc_cal.h:64:1: warning: function declaration isn't a prototype [-Wstrict-prototypes]
   64 | float HAL_LPTIM_GetFreq();
      | ^~~~~
In file included from /home/czy/openvela_contest/nuttx/../vendor/sifli/chips/drivers/Include/bf0_hal_conf_hcpu.h:456:
/home/czy/openvela_contest/nuttx/../vendor/sifli/chips/drivers/Include/bf0_hal_audcodec.h:367:1: warning: function declaration isn't a prototype [-Wstrict-prototypes]
  367 | void HAL_TURN_OFF_PLL();
      | ^~~~
/home/czy/openvela_contest/nuttx/../vendor/sifli/chips/drivers/Include/bf0_hal_audcodec.h:538:1: warning: function declaration isn't a prototype [-Wstrict-prototypes]
  538 | uint8_t get_pll_state();
      | ^~~~~~~
/home/czy/openvela_contest/nuttx/../vendor/sifli/chips/drivers/Include/bf0_hal_audcodec.h:540:1: warning: function declaration isn't a prototype [-Wstrict-prototypes]
  540 | uint8_t get_pll_freq_type();
      | ^~~~~~~
/home/czy/openvela_contest/nuttx/../vendor/sifli/chips/drivers/Include/bf0_hal_audcodec.h:543:1: warning: function declaration isn't a prototype [-Wstrict-prototypes]
  543 | void bf0_disable_pll();
      | ^~~~
/home/czy/openvela_contest/nuttx/../vendor/sifli/chips/drivers/Include/bf0_hal_audcodec.h:544:1: warning: function declaration isn't a prototype [-Wstrict-prototypes]
  544 | void HAL_TURN_ON_PLL();
      | ^~~~
sifli_hal/bf0_hal_i2c.c:76:5: warning: "HAL_I2CSLAVE_MODULE_ENABLED" is not defined, evaluates to 0 [-Wundef]
   76 | #if HAL_I2CSLAVE_MODULE_ENABLED
      |     ^~~~~~~~~~~~~~~~~~~~~~~~~~~
sifli_hal/bf0_hal_i2c.c:83:5: warning: "HAL_I2CSLAVE_MODULE_ENABLED" is not defined, evaluates to 0 [-Wundef]
   83 | #if HAL_I2CSLAVE_MODULE_ENABLED
      |     ^~~~~~~~~~~~~~~~~~~~~~~~~~~
sifli_hal/bf0_hal_i2c.c:91:5: warning: "HAL_I2CSLAVE_MODULE_ENABLED" is not defined, evaluates to 0 [-Wundef]
   91 | #if HAL_I2CSLAVE_MODULE_ENABLED
      |     ^~~~~~~~~~~~~~~~~~~~~~~~~~~
sifli_hal/bf0_hal_i2c.c:107:5: warning: "HAL_I2CSLAVE_MODULE_ENABLED" is not defined, evaluates to 0 [-Wundef]
  107 | #if HAL_I2CSLAVE_MODULE_ENABLED
      |     ^~~~~~~~~~~~~~~~~~~~~~~~~~~
sifli_hal/bf0_hal_i2c.c:114:5: warning: "HAL_I2CSLAVE_MODULE_ENABLED" is not defined, evaluates to 0 [-Wundef]
  114 | #if HAL_I2CSLAVE_MODULE_ENABLED
      |     ^~~~~~~~~~~~~~~~~~~~~~~~~~~
sifli_hal/bf0_hal_i2c.c:1922:5: warning: "HAL_I2CSLAVE_MODULE_ENABLED" is not defined, evaluates to 0 [-Wundef]
 1922 | #if HAL_I2CSLAVE_MODULE_ENABLED
      |     ^~~~~~~~~~~~~~~~~~~~~~~~~~~
sifli_hal/bf0_hal_i2c.c:2216:5: warning: "HAL_I2CSLAVE_MODULE_ENABLED" is not defined, evaluates to 0 [-Wundef]
 2216 | #if HAL_I2CSLAVE_MODULE_ENABLED
      |     ^~~~~~~~~~~~~~~~~~~~~~~~~~~
sifli_hal/bf0_hal_i2c.c:2346:5: warning: "HAL_I2CSLAVE_MODULE_ENABLED" is not defined, evaluates to 0 [-Wundef]
 2346 | #if HAL_I2CSLAVE_MODULE_ENABLED
      |     ^~~~~~~~~~~~~~~~~~~~~~~~~~~
sifli_hal/bf0_hal_i2c.c:4068:5: warning: "HAL_I2CSLAVE_MODULE_ENABLED" is not defined, evaluates to 0 [-Wundef]
 4068 | #if HAL_I2CSLAVE_MODULE_ENABLED
      |     ^~~~~~~~~~~~~~~~~~~~~~~~~~~
sifli_hal/bf0_hal_i2c.c:4560:5: warning: "HAL_I2CSLAVE_MODULE_ENABLED" is not defined, evaluates to 0 [-Wundef]
 4560 | #if HAL_I2CSLAVE_MODULE_ENABLED
      |     ^~~~~~~~~~~~~~~~~~~~~~~~~~~
sifli_hal/bf0_hal_i2c.c:4794:5: warning: "HAL_I2CSLAVE_MODULE_ENABLED" is not defined, evaluates to 0 [-Wundef]
 4794 | #if HAL_I2CSLAVE_MODULE_ENABLED
      |     ^~~~~~~~~~~~~~~~~~~~~~~~~~~
sifli_hal/bf0_hal_i2c.c:4909:5: warning: "HAL_I2CSLAVE_MODULE_ENABLED" is not defined, evaluates to 0 [-Wundef]
 4909 | #if HAL_I2CSLAVE_MODULE_ENABLED
      |     ^~~~~~~~~~~~~~~~~~~~~~~~~~~
sifli_hal/bf0_hal_i2c.c:5217:5: warning: "HAL_I2CSLAVE_MODULE_ENABLED" is not defined, evaluates to 0 [-Wundef]
 5217 | #if HAL_I2CSLAVE_MODULE_ENABLED
      |     ^~~~~~~~~~~~~~~~~~~~~~~~~~~
sifli_hal/bf0_hal_i2c.c:5530:5: warning: "HAL_I2CSLAVE_MODULE_ENABLED" is not defined, evaluates to 0 [-Wundef]
 5530 | #if HAL_I2CSLAVE_MODULE_ENABLED
      |     ^~~~~~~~~~~~~~~~~~~~~~~~~~~
sifli_hal/bf0_hal_i2c.c:5572:5: warning: "HAL_I2CSLAVE_MODULE_ENABLED" is not defined, evaluates to 0 [-Wundef]
 5572 | #if HAL_I2CSLAVE_MODULE_ENABLED
      |     ^~~~~~~~~~~~~~~~~~~~~~~~~~~
[1K[1KCC:  sifli_hal/bf0_hal_lcdc.c In file included from /home/czy/openvela_contest/nuttx/../vendor/sifli/chips/drivers/Include/bf0_hal_rcc.h:15,
                 from /home/czy/openvela_contest/nuttx/../vendor/sifli/chips/drivers/Include/bf0_hal_conf_hcpu.h:222,
                 from /home/czy/openvela_contest/nuttx/../vendor/sifli/chips/drivers/Include/bf0_hal.h:22,
                 from sifli_hal/bf0_hal_lcdc.c:8:
/home/czy/openvela_contest/nuttx/../vendor/sifli/chips/drivers/Include/bf0_hal_def.h:57: warning: "UNUSED" redefined
   57 | #define UNUSED(X) (void)X      /* To avoid gcc/g++ warnings */
      | 
In file included from /home/czy/openvela_contest/nuttx/include/string.h:31,
                 from sifli_hal/bf0_hal_lcdc.c:7:
/home/czy/openvela_contest/nuttx/include/nuttx/compiler.h:624: note: this is the location of the previous definition
  624 | #    define UNUSED(a) ((void)(1 || &(a)))
      | 
In file included from /home/czy/openvela_contest/nuttx/../vendor/sifli/chips/drivers/Include/bf0_hal_conf_hcpu.h:279:
/home/czy/openvela_contest/nuttx/../vendor/sifli/chips/drivers/Include/bf0_hal_mpi_ex.h:524:1: warning: function declaration isn't a prototype [-Wstrict-prototypes]
  524 | int HAL_QSPI_ENABLE_WDT();
      | ^~~
In file included from /home/czy/openvela_contest/nuttx/../vendor/sifli/chips/drivers/Include/bf0_hal_conf_hcpu.h:379:
/home/czy/openvela_contest/nuttx/../vendor/sifli/chips/drivers/Include/bf0_sys_cfg.h:167:1: warning: function declaration isn't a prototype [-Wstrict-prototypes]
  167 | char *BSP_Get_UserOTP_Cache();
      | ^~~~
/home/czy/openvela_contest/nuttx/../vendor/sifli/chips/drivers/Include/bf0_sys_cfg.h:168:1: warning: function declaration isn't a prototype [-Wstrict-prototypes]
  168 | char *BSP_Get_CustOTP_Cache();
      | ^~~~
/home/czy/openvela_contest/nuttx/../vendor/sifli/chips/drivers/Include/bf0_sys_cfg.h:170:1: warning: function declaration isn't a prototype [-Wstrict-prototypes]
  170 | char *BSP_Get_SysCfg_Cache();
      | ^~~~
/home/czy/openvela_contest/nuttx/../vendor/sifli/chips/drivers/Include/bf0_sys_cfg.h:175:1: warning: function declaration isn't a prototype [-Wstrict-prototypes]
  175 | uint32_t BSP_Get_Sip1_Mode();
      | ^~~~~~~~
/home/czy/openvela_contest/nuttx/../vendor/sifli/chips/drivers/Include/bf0_sys_cfg.h:176:1: warning: function declaration isn't a prototype [-Wstrict-prototypes]
  176 | uint32_t BSP_Get_Sip2_Mode();
      | ^~~~~~~~
In file included from /home/czy/openvela_contest/nuttx/../vendor/sifli/chips/drivers/Include/bf0_hal_conf_hcpu.h:383:
/home/czy/openvela_contest/nuttx/../vendor/sifli/chips/drivers/Include/bf0_hal_pmu.h:510:35: warning: function declaration isn't a prototype [-Wstrict-prototypes]
  510 | __STATIC_INLINE HAL_StatusTypeDef HAL_PMU_EnableChgWakeup()
      |                                   ^~~~~~~~~~~~~~~~~~~~~~~
/home/czy/openvela_contest/nuttx/../vendor/sifli/chips/drivers/Include/bf0_hal_pmu.h:518:35: warning: function declaration isn't a prototype [-Wstrict-prototypes]
  518 | __STATIC_INLINE HAL_StatusTypeDef HAL_PMU_DisableChgWakeup()
      |                                   ^~~~~~~~~~~~~~~~~~~~~~~~
In file included from /home/czy/openvela_contest/nuttx/../vendor/sifli/chips/drivers/Include/bf0_hal_conf_hcpu.h:431:
/home/czy/openvela_contest/nuttx/../vendor/sifli/chips/drivers/Include/bf0_hal_lrc_cal.h:64:1: warning: function declaration isn't a prototype [-Wstrict-prototypes]
   64 | float HAL_LPTIM_GetFreq();
      | ^~~~~
In file included from /home/czy/openvela_contest/nuttx/../vendor/sifli/chips/drivers/Include/bf0_hal_conf_hcpu.h:456:
/home/czy/openvela_contest/nuttx/../vendor/sifli/chips/drivers/Include/bf0_hal_audcodec.h:367:1: warning: function declaration isn't a prototype [-Wstrict-prototypes]
  367 | void HAL_TURN_OFF_PLL();
      | ^~~~
/home/czy/openvela_contest/nuttx/../vendor/sifli/chips/drivers/Include/bf0_hal_audcodec.h:538:1: warning: function declaration isn't a prototype [-Wstrict-prototypes]
  538 | uint8_t get_pll_state();
      | ^~~~~~~
/home/czy/openvela_contest/nuttx/../vendor/sifli/chips/drivers/Include/bf0_hal_audcodec.h:540:1: warning: function declaration isn't a prototype [-Wstrict-prototypes]
  540 | uint8_t get_pll_freq_type();
      | ^~~~~~~
/home/czy/openvela_contest/nuttx/../vendor/sifli/chips/drivers/Include/bf0_hal_audcodec.h:543:1: warning: function declaration isn't a prototype [-Wstrict-prototypes]
  543 | void bf0_disable_pll();
      | ^~~~
/home/czy/openvela_contest/nuttx/../vendor/sifli/chips/drivers/Include/bf0_hal_audcodec.h:544:1: warning: function declaration isn't a prototype [-Wstrict-prototypes]
  544 | void HAL_TURN_ON_PLL();
      | ^~~~
sifli_hal/bf0_hal_lcdc.c: In function 'LayerUpdate':
sifli_hal/bf0_hal_lcdc.c:1144:47: warning: variable 'roi_w' set but not used [-Wunused-but-set-variable]
 1144 |     uint32_t bytes_per_pixel, data_w, data_h, roi_w, roi_h;
      |                                               ^~~~~
sifli_hal/bf0_hal_lcdc.c: In function '_SendLayerData':
sifli_hal/bf0_hal_lcdc.c:1534:18: warning: variable 'max_col' set but not used [-Wunused-but-set-variable]
 1534 |         uint32_t max_col, max_line, start_line, end_line, start_col, end_col;
      |                  ^~~~~~~
sifli_hal/bf0_hal_lcdc.c: In function 'HAL_LCDC_JDIParallelInit':
sifli_hal/bf0_hal_lcdc.c:1767:14: warning: unused variable 'lcdc_pclk_Hz' [-Wunused-variable]
 1767 |     uint32_t lcdc_pclk_Hz = HAL_RCC_GetPCLKFreq(GET_LCDC_SYSID(lcdc), 1);
      |              ^~~~~~~~~~~~
sifli_hal/bf0_hal_lcdc.c: In function 'SPI_AUX_HW_FSM_START':
sifli_hal/bf0_hal_lcdc.c:3310:67: error: 'PTC_OP_WRITE' undeclared (first use in this function)
 3310 |     PTC_CODE(PTC_DMACH0_TC,        &(hwp_lcdc1->LCD_WR),          PTC_OP_WRITE, frame_cmd);    //set command,
      |                                                                   ^~~~~~~~~~~~
sifli_hal/bf0_hal_lcdc.c:3187:32: note: in definition of macro 'PTC_CODE_EXT'
 3187 |         uint32_t _ptc_reg = (((op) << PTC_TCR1_OP_Pos) | (trigger));\
      |                                ^~
sifli_hal/bf0_hal_lcdc.c:3310:5: note: in expansion of macro 'PTC_CODE'
 3310 |     PTC_CODE(PTC_DMACH0_TC,        &(hwp_lcdc1->LCD_WR),          PTC_OP_WRITE, frame_cmd);    //set command,
      |     ^~~~~~~~
sifli_hal/bf0_hal_lcdc.c:3310:67: note: each undeclared identifier is reported only once for each function it appears in
 3310 |     PTC_CODE(PTC_DMACH0_TC,        &(hwp_lcdc1->LCD_WR),          PTC_OP_WRITE, frame_cmd);    //set command,
      |                                                                   ^~~~~~~~~~~~
sifli_hal/bf0_hal_lcdc.c:3187:32: note: in definition of macro 'PTC_CODE_EXT'
 3187 |         uint32_t _ptc_reg = (((op) << PTC_TCR1_OP_Pos) | (trigger));\
      |                                ^~
sifli_hal/bf0_hal_lcdc.c:3310:5: note: in expansion of macro 'PTC_CODE'
 3310 |     PTC_CODE(PTC_DMACH0_TC,        &(hwp_lcdc1->LCD_WR),          PTC_OP_WRITE, frame_cmd);    //set command,
      |     ^~~~~~~~
sifli_hal/bf0_hal_lcdc.c:3311:14: error: 'PTC_HCPU_PTC1_DONE1' undeclared (first use in this function)
 3311 |     PTC_CODE(PTC_HCPU_PTC1_DONE1,        &(hwp_lcdc1->LCD_SINGLE),      PTC_OP_WRITE, lcdc_single_wr);    //send command,
      |              ^~~~~~~~~~~~~~~~~~~
sifli_hal/bf0_hal_lcdc.c:3187:59: note: in definition of macro 'PTC_CODE_EXT'
 3187 |         uint32_t _ptc_reg = (((op) << PTC_TCR1_OP_Pos) | (trigger));\
      |                                                           ^~~~~~~
sifli_hal/bf0_hal_lcdc.c:3311:5: note: in expansion of macro 'PTC_CODE'
 3311 |     PTC_CODE(PTC_HCPU_PTC1_DONE1,        &(hwp_lcdc1->LCD_SINGLE),      PTC_OP_WRITE, lcdc_single_wr);    //send command,
      |     ^~~~~~~~
sifli_hal/bf0_hal_lcdc.c:3312:18: error: 'PTC_HCPU_PTC1_DONE2' undeclared (first use in this function)
 3312 |     PTC_CODE_EXT(PTC_HCPU_PTC1_DONE2, cmd_duration_tick + porch_interval_tick, 1,  &(hwp_ptc1->MEM1),              PTC_OP_WRITE, 0);
      |                  ^~~~~~~~~~~~~~~~~~~
sifli_hal/bf0_hal_lcdc.c:3187:59: note: in definition of macro 'PTC_CODE_EXT'
 3187 |         uint32_t _ptc_reg = (((op) << PTC_TCR1_OP_Pos) | (trigger));\
      |                                                           ^~~~~~~
sifli_hal/bf0_hal_lcdc.c:3206:95: error: 'PTC_OP_ADD' undeclared (first use in this function)
 3206 | #define PTC_CODE_SET_NEXT_PHASE(trigger)    PTC_CODE_EXT((trigger), 0, 0, &(p_DMACH0->CM0AR), PTC_OP_ADD, PTC_TABLE_BYTE)
      |                                                                                               ^~~~~~~~~~
sifli_hal/bf0_hal_lcdc.c:3187:32: note: in definition of macro 'PTC_CODE_EXT'
 3187 |         uint32_t _ptc_reg = (((op) << PTC_TCR1_OP_Pos) | (trigger));\
      |                                ^~
sifli_hal/bf0_hal_lcdc.c:3316:5: note: in expansion of macro 'PTC_CODE_SET_NEXT_PHASE'
 3316 |     PTC_CODE_SET_NEXT_PHASE(PTC_HCPU_PTC1_DONE3);
      |     ^~~~~~~~~~~~~~~~~~~~~~~
sifli_hal/bf0_hal_lcdc.c:3316:29: error: 'PTC_HCPU_PTC1_DONE3' undeclared (first use in this function)
 3316 |     PTC_CODE_SET_NEXT_PHASE(PTC_HCPU_PTC1_DONE3);
      |                             ^~~~~~~~~~~~~~~~~~~
sifli_hal/bf0_hal_lcdc.c:3187:59: note: in definition of macro 'PTC_CODE_EXT'
 3187 |         uint32_t _ptc_reg = (((op) << PTC_TCR1_OP_Pos) | (trigger));\
      |                                                           ^~~~~~~
sifli_hal/bf0_hal_lcdc.c:3316:5: note: in expansion of macro 'PTC_CODE_SET_NEXT_PHASE'
 3316 |     PTC_CODE_SET_NEXT_PHASE(PTC_HCPU_PTC1_DONE3);
      |     ^~~~~~~~~~~~~~~~~~~~~~~
sifli_hal/bf0_hal_lcdc.c:3326:140: error: 'PTC_OP_OR' undeclared (first use in this function)
 3326 |     PTC_CODE_EXT(PTC_HCPU_PTC1_DONE1,        cmd_duration_tick + porch_interval_tick,  front_porch_num - 1, &(hwp_ptc1->TCR1),             PTC_OP_OR,   PTC_TCR1_SWTRIG);
      |                                                                                                                                            ^~~~~~~~~
sifli_hal/bf0_hal_lcdc.c:3187:32: note: in definition of macro 'PTC_CODE_EXT'
 3187 |         uint32_t _ptc_reg = (((op) << PTC_TCR1_OP_Pos) | (trigger));\
      |                                ^~
sifli_hal/bf0_hal_lcdc.c:3354:65: error: 'PTC_OP_AND' undeclared (first use in this function)
 3354 |     PTC_CODE(PTC_DMACH0_TC,      &(hwp_lcdc1->SPI_IF_CONF),     PTC_OP_AND, ~LCD_IF_SPI_IF_CONF_SPI_CS_AUTO_DIS);    /*hold spi_cs */
      |                                                                 ^~~~~~~~~~
sifli_hal/bf0_hal_lcdc.c:3187:32: note: in definition of macro 'PTC_CODE_EXT'
 3187 |         uint32_t _ptc_reg = (((op) << PTC_TCR1_OP_Pos) | (trigger));\
      |                                ^~
sifli_hal/bf0_hal_lcdc.c:3354:5: note: in expansion of macro 'PTC_CODE'
 3354 |     PTC_CODE(PTC_DMACH0_TC,      &(hwp_lcdc1->SPI_IF_CONF),     PTC_OP_AND, ~LCD_IF_SPI_IF_CONF_SPI_CS_AUTO_DIS);    /*hold spi_cs */
      |     ^~~~~~~~
sifli_hal/bf0_hal_lcdc.c:3358:14: error: 'PTC_HCPU_LCDC1_DONE' undeclared (first use in this function)
 3358 |     PTC_CODE(PTC_HCPU_LCDC1_DONE,     &(hwp_lcdc1->CANVAS_TL_POS),   PTC_OP_ADD, 1 << LCD_IF_CANVAS_TL_POS_Y0_Pos);    //set data address for next line,
      |              ^~~~~~~~~~~~~~~~~~~
sifli_hal/bf0_hal_lcdc.c:3187:59: note: in definition of macro 'PTC_CODE_EXT'
 3187 |         uint32_t _ptc_reg = (((op) << PTC_TCR1_OP_Pos) | (trigger));\
      |                                                           ^~~~~~~
sifli_hal/bf0_hal_lcdc.c:3358:5: note: in expansion of macro 'PTC_CODE'
 3358 |     PTC_CODE(PTC_HCPU_LCDC1_DONE,     &(hwp_lcdc1->CANVAS_TL_POS),   PTC_OP_ADD, 1 << LCD_IF_CANVAS_TL_POS_Y0_Pos);    //set data address for next line,
      |     ^~~~~~~~
sifli_hal/bf0_hal_lcdc.c:3367:54: error: 'PTC_HCPU_PTC1_DONE8' undeclared (first use in this function)
 3367 |     PTC_CODE_DELAY_TO_JUMP_PHASE(line_interval_tick, PTC_HCPU_PTC1_DONE8);//5
      |                                                      ^~~~~~~~~~~~~~~~~~~
sifli_hal/bf0_hal_lcdc.c:3187:59: note: in definition of macro 'PTC_CODE_EXT'
 3187 |         uint32_t _ptc_reg = (((op) << PTC_TCR1_OP_Pos) | (trigger));\
      |                                                           ^~~~~~~
sifli_hal/bf0_hal_lcdc.c:3367:5: note: in expansion of macro 'PTC_CODE_DELAY_TO_JUMP_PHASE'
 3367 |     PTC_CODE_DELAY_TO_JUMP_PHASE(line_interval_tick, PTC_HCPU_PTC1_DONE8);//5
      |     ^~~~~~~~~~~~~~~~~~~~~~~~~~~~
sifli_hal/bf0_hal_lcdc.c:3371:24: error: 'PTC_HCPU_PTC1_DONE5' undeclared (first use in this function)
 3371 |     PTC_CODE_SET_PHASE(PTC_HCPU_PTC1_DONE5, 6); //3.if
      |                        ^~~~~~~~~~~~~~~~~~~
sifli_hal/bf0_hal_lcdc.c:3187:59: note: in definition of macro 'PTC_CODE_EXT'
 3187 |         uint32_t _ptc_reg = (((op) << PTC_TCR1_OP_Pos) | (trigger));\
      |                                                           ^~~~~~~
sifli_hal/bf0_hal_lcdc.c:3371:5: note: in expansion of macro 'PTC_CODE_SET_PHASE'
 3371 |     PTC_CODE_SET_PHASE(PTC_HCPU_PTC1_DONE5, 6); //3.if
      |     ^~~~~~~~~~~~~~~~~~
sifli_hal/bf0_hal_lcdc.c:3394:75: error: 'PTC_HCPU_PTC1_DONE4' undeclared (first use in this function)
 3394 |     PTC_CODE_DELAY_TO_JUMP_PHASE(cmd_duration_tick + porch_interval_tick, PTC_HCPU_PTC1_DONE4);
      |                                                                           ^~~~~~~~~~~~~~~~~~~
sifli_hal/bf0_hal_lcdc.c:3187:59: note: in definition of macro 'PTC_CODE_EXT'
 3187 |         uint32_t _ptc_reg = (((op) << PTC_TCR1_OP_Pos) | (trigger));\
      |                                                           ^~~~~~~
sifli_hal/bf0_hal_lcdc.c:3394:5: note: in expansion of macro 'PTC_CODE_DELAY_TO_JUMP_PHASE'
 3394 |     PTC_CODE_DELAY_TO_JUMP_PHASE(cmd_duration_tick + porch_interval_tick, PTC_HCPU_PTC1_DONE4);
      |     ^~~~~~~~~~~~~~~~~~~~~~~~~~~~
sifli_hal/bf0_hal_lcdc.c:3153:30: error: 'PTC_HCPU_BTIM2_UPDATE' undeclared (first use in this function); did you mean 'PTC_BTIM_UPDATE'?
 3153 | #define PTC_BTIM_UPDATE      PTC_HCPU_BTIM2_UPDATE
      |                              ^~~~~~~~~~~~~~~~~~~~~
sifli_hal/bf0_hal_lcdc.c:3187:59: note: in definition of macro 'PTC_CODE_EXT'
 3187 |         uint32_t _ptc_reg = (((op) << PTC_TCR1_OP_Pos) | (trigger));\
      |                                                           ^~~~~~~
sifli_hal/bf0_hal_lcdc.c:3441:5: note: in expansion of macro 'PTC_CODE'
 3441 |     PTC_CODE(PTC_BTIM_UPDATE,  &(hwp_ptc1->MEM3),    PTC_OP_OR, RAMLESS_DONE_MAGIC_FLAG); //Stop flag
      |     ^~~~~~~~
sifli_hal/bf0_hal_lcdc.c:3441:14: note: in expansion of macro 'PTC_BTIM_UPDATE'
 3441 |     PTC_CODE(PTC_BTIM_UPDATE,  &(hwp_ptc1->MEM3),    PTC_OP_OR, RAMLESS_DONE_MAGIC_FLAG); //Stop flag
      |              ^~~~~~~~~~~~~~~
sifli_hal/bf0_hal_lcdc.c: In function 'SPI_AUX_HW_FSM_STOP':
sifli_hal/bf0_hal_lcdc.c:3490:51: error: 'PTC_OP_AND' undeclared (first use in this function)
 3490 |     PTC_CODE(PTC_DMACH0_TC,  &(PTC_btim->CR1),    PTC_OP_AND,   ~BTIM_CR1_CEN);    //Stop BTIM2
      |                                                   ^~~~~~~~~~
sifli_hal/bf0_hal_lcdc.c:3187:32: note: in definition of macro 'PTC_CODE_EXT'
 3187 |         uint32_t _ptc_reg = (((op) << PTC_TCR1_OP_Pos) | (trigger));\
      |                                ^~
sifli_hal/bf0_hal_lcdc.c:3490:5: note: in expansion of macro 'PTC_CODE'
 3490 |     PTC_CODE(PTC_DMACH0_TC,  &(PTC_btim->CR1),    PTC_OP_AND,   ~BTIM_CR1_CEN);    //Stop BTIM2
      |     ^~~~~~~~
sifli_hal/bf0_hal_lcdc.c:3491:52: error: 'PTC_OP_OR' undeclared (first use in this function)
 3491 |     PTC_CODE(PTC_DMACH0_TC,  &(hwp_ptc1->MEM3),    PTC_OP_OR, RAMLESS_DONE_MAGIC_FLAG); //Stop flag
      |                                                    ^~~~~~~~~
sifli_hal/bf0_hal_lcdc.c:3187:32: note: in definition of macro 'PTC_CODE_EXT'
 3187 |         uint32_t _ptc_reg = (((op) << PTC_TCR1_OP_Pos) | (trigger));\
      |                                ^~
sifli_hal/bf0_hal_lcdc.c:3491:5: note: in expansion of macro 'PTC_CODE'
 3491 |     PTC_CODE(PTC_DMACH0_TC,  &(hwp_ptc1->MEM3),    PTC_OP_OR, RAMLESS_DONE_MAGIC_FLAG); //Stop flag
      |     ^~~~~~~~
sifli_hal/bf0_hal_lcdc.c:3497:50: error: 'PTC_OP_WRITE' undeclared (first use in this function)
 3497 |     PTC_CODE(PTC_DMACH0_TC,  &(p_DMACH0->CCR),   PTC_OP_WRITE, ~DMAC_CCR8_EN);    //Stop dma
      |                                                  ^~~~~~~~~~~~
sifli_hal/bf0_hal_lcdc.c:3187:32: note: in definition of macro 'PTC_CODE_EXT'
 3187 |         uint32_t _ptc_reg = (((op) << PTC_TCR1_OP_Pos) | (trigger));\
      |                                ^~
sifli_hal/bf0_hal_lcdc.c:3497:5: note: in expansion of macro 'PTC_CODE'
 3497 |     PTC_CODE(PTC_DMACH0_TC,  &(p_DMACH0->CCR),   PTC_OP_WRITE, ~DMAC_CCR8_EN);    //Stop dma
      |     ^~~~~~~~
sifli_hal/bf0_hal_lcdc.c: In function 'RAMLESS_HW_FSM_READ_DATAS_START':
sifli_hal/bf0_hal_lcdc.c:3545:65: error: 'PTC_OP_AND' undeclared (first use in this function)
 3545 |     PTC_CODE(PTC_DMACH0_TC,      &(hwp_lcdc1->SPI_IF_CONF),     PTC_OP_AND,  ~(LCD_IF_SPI_IF_CONF_CLK_DIV_Msk));
      |                                                                 ^~~~~~~~~~
sifli_hal/bf0_hal_lcdc.c:3187:32: note: in definition of macro 'PTC_CODE_EXT'
 3187 |         uint32_t _ptc_reg = (((op) << PTC_TCR1_OP_Pos) | (trigger));\
      |                                ^~
sifli_hal/bf0_hal_lcdc.c:3545:5: note: in expansion of macro 'PTC_CODE'
 3545 |     PTC_CODE(PTC_DMACH0_TC,      &(hwp_lcdc1->SPI_IF_CONF),     PTC_OP_AND,  ~(LCD_IF_SPI_IF_CONF_CLK_DIV_Msk));
      |     ^~~~~~~~
sifli_hal/bf0_hal_lcdc.c:3546:65: error: 'PTC_OP_OR' undeclared (first use in this function)
 3546 |     PTC_CODE(PTC_DMACH0_TC,      &(hwp_lcdc1->SPI_IF_CONF),     PTC_OP_OR,  clk_div << LCD_IF_SPI_IF_CONF_CLK_DIV_Pos);
      |                                                                 ^~~~~~~~~
sifli_hal/bf0_hal_lcdc.c:3187:32: note: in definition of macro 'PTC_CODE_EXT'
 3187 |         uint32_t _ptc_reg = (((op) << PTC_TCR1_OP_Pos) | (trigger));\
      |                                ^~
sifli_hal/bf0_hal_lcdc.c:3546:5: note: in expansion of macro 'PTC_CODE'
 3546 |     PTC_CODE(PTC_DMACH0_TC,      &(hwp_lcdc1->SPI_IF_CONF),     PTC_OP_OR,  clk_div << LCD_IF_SPI_IF_CONF_CLK_DIV_Pos);
      |     ^~~~~~~~
sifli_hal/bf0_hal_lcdc.c:3206:95: error: 'PTC_OP_ADD' undeclared (first use in this function)
 3206 | #define PTC_CODE_SET_NEXT_PHASE(trigger)    PTC_CODE_EXT((trigger), 0, 0, &(p_DMACH0->CM0AR), PTC_OP_ADD, PTC_TABLE_BYTE)
      |                                                                                               ^~~~~~~~~~
sifli_hal/bf0_hal_lcdc.c:3187:32: note: in definition of macro 'PTC_CODE_EXT'
 3187 |         uint32_t _ptc_reg = (((op) << PTC_TCR1_OP_Pos) | (trigger));\
      |                                ^~
sifli_hal/bf0_hal_lcdc.c:3551:5: note: in expansion of macro 'PTC_CODE_SET_NEXT_PHASE'
 3551 |     PTC_CODE_SET_NEXT_PHASE(PTC_DMACH0_TC);
      |     ^~~~~~~~~~~~~~~~~~~~~~~
sifli_hal/bf0_hal_lcdc.c:3207:95: error: 'PTC_OP_WRITE' undeclared (first use in this function)
 3207 | #define PTC_CODE_JUMP_PHASE(trigger)        PTC_CODE_EXT((trigger), 0, 0, &(p_DMACH0->CNDTR), PTC_OP_WRITE, PTC_TABLE_WORD)
      |                                                                                               ^~~~~~~~~~~~
sifli_hal/bf0_hal_lcdc.c:3187:32: note: in definition of macro 'PTC_CODE_EXT'
 3187 |         uint32_t _ptc_reg = (((op) << PTC_TCR1_OP_Pos) | (trigger));\
      |                                ^~
sifli_hal/bf0_hal_lcdc.c:3552:5: note: in expansion of macro 'PTC_CODE_JUMP_PHASE'
 3552 |     PTC_CODE_JUMP_PHASE(PTC_DMACH0_TC);
      |     ^~~~~~~~~~~~~~~~~~~
sifli_hal/bf0_hal_lcdc.c:3557:25: error: 'PTC_HCPU_LCDC1_BUSY' undeclared (first use in this function)
 3557 |     PTC_CODE_JUMP_PHASE(PTC_HCPU_LCDC1_BUSY | PTC_TCR1_TRIGPOL);
      |                         ^~~~~~~~~~~~~~~~~~~
sifli_hal/bf0_hal_lcdc.c:3187:59: note: in definition of macro 'PTC_CODE_EXT'
 3187 |         uint32_t _ptc_reg = (((op) << PTC_TCR1_OP_Pos) | (trigger));\
      |                                                           ^~~~~~~
sifli_hal/bf0_hal_lcdc.c:3557:5: note: in expansion of macro 'PTC_CODE_JUMP_PHASE'
 3557 |     PTC_CODE_JUMP_PHASE(PTC_HCPU_LCDC1_BUSY | PTC_TCR1_TRIGPOL);
      |     ^~~~~~~~~~~~~~~~~~~
sifli_hal/bf0_hal_lcdc.c:3565:14: error: 'PTC_HCPU_PTC1_DONE5' undeclared (first use in this function)
 3565 |     PTC_CODE(PTC_HCPU_PTC1_DONE5,        &(hwp_lcdc1->LCD_SINGLE),      PTC_OP_WRITE,     lcdc_single_rr);    //send command,
      |              ^~~~~~~~~~~~~~~~~~~
sifli_hal/bf0_hal_lcdc.c:3187:59: note: in definition of macro 'PTC_CODE_EXT'
 3187 |         uint32_t _ptc_reg = (((op) << PTC_TCR1_OP_Pos) | (trigger));\
      |                                                           ^~~~~~~
sifli_hal/bf0_hal_lcdc.c:3565:5: note: in expansion of macro 'PTC_CODE'
 3565 |     PTC_CODE(PTC_HCPU_PTC1_DONE5,        &(hwp_lcdc1->LCD_SINGLE),      PTC_OP_WRITE,     lcdc_single_rr);    //send command,
      |     ^~~~~~~~
sifli_hal/bf0_hal_lcdc.c: In function 'RAMLESS_HW_FSM_WRITE_DATAS_START':
sifli_hal/bf0_hal_lcdc.c:3207:95: error: 'PTC_OP_WRITE' undeclared (first use in this function)
 3207 | #define PTC_CODE_JUMP_PHASE(trigger)        PTC_CODE_EXT((trigger), 0, 0, &(p_DMACH0->CNDTR), PTC_OP_WRITE, PTC_TABLE_WORD)
      |                                                                                               ^~~~~~~~~~~~
sifli_hal/bf0_hal_lcdc.c:3187:32: note: in definition of macro 'PTC_CODE_EXT'
 3187 |         uint32_t _ptc_reg = (((op) << PTC_TCR1_OP_Pos) | (trigger));\
      |                                ^~
sifli_hal/bf0_hal_lcdc.c:3627:5: note: in expansion of macro 'PTC_CODE_JUMP_PHASE'
 3627 |     PTC_CODE_JUMP_PHASE(PTC_HCPU_LCDC1_BUSY | PTC_TCR1_TRIGPOL);
      |     ^~~~~~~~~~~~~~~~~~~
sifli_hal/bf0_hal_lcdc.c:3627:25: error: 'PTC_HCPU_LCDC1_BUSY' undeclared (first use in this function)
 3627 |     PTC_CODE_JUMP_PHASE(PTC_HCPU_LCDC1_BUSY | PTC_TCR1_TRIGPOL);
      |                         ^~~~~~~~~~~~~~~~~~~
sifli_hal/bf0_hal_lcdc.c:3187:59: note: in definition of macro 'PTC_CODE_EXT'
 3187 |         uint32_t _ptc_reg = (((op) << PTC_TCR1_OP_Pos) | (trigger));\
      |                                                           ^~~~~~~
sifli_hal/bf0_hal_lcdc.c:3627:5: note: in expansion of macro 'PTC_CODE_JUMP_PHASE'
 3627 |     PTC_CODE_JUMP_PHASE(PTC_HCPU_LCDC1_BUSY | PTC_TCR1_TRIGPOL);
      |     ^~~~~~~~~~~~~~~~~~~
sifli_hal/bf0_hal_lcdc.c:3628:67: error: 'PTC_OP_AND' undeclared (first use in this function)
 3628 |     PTC_CODE(PTC_DMACH0_TC,        &(hwp_lcdc1->SPI_IF_CONF),     PTC_OP_AND, ~LCD_IF_SPI_IF_CONF_SPI_CS_AUTO_DIS);    /*hold spi_cs */
      |                                                                   ^~~~~~~~~~
sifli_hal/bf0_hal_lcdc.c:3187:32: note: in definition of macro 'PTC_CODE_EXT'
 3187 |         uint32_t _ptc_reg = (((op) << PTC_TCR1_OP_Pos) | (trigger));\
      |                                ^~
sifli_hal/bf0_hal_lcdc.c:3628:5: note: in expansion of macro 'PTC_CODE'
 3628 |     PTC_CODE(PTC_DMACH0_TC,        &(hwp_lcdc1->SPI_IF_CONF),     PTC_OP_AND, ~LCD_IF_SPI_IF_CONF_SPI_CS_AUTO_DIS);    /*hold spi_cs */
      |     ^~~~~~~~
sifli_hal/bf0_hal_lcdc.c:3633:14: error: 'PTC_HCPU_PTC1_DONE6' undeclared (first use in this function)
 3633 |     PTC_CODE(PTC_HCPU_PTC1_DONE6,  &(hwp_lcdc1->LCD_SINGLE),      PTC_OP_WRITE, lcdc_single_wr);    //send command,
      |              ^~~~~~~~~~~~~~~~~~~
sifli_hal/bf0_hal_lcdc.c:3187:59: note: in definition of macro 'PTC_CODE_EXT'
 3187 |         uint32_t _ptc_reg = (((op) << PTC_TCR1_OP_Pos) | (trigger));\
      |                                                           ^~~~~~~
sifli_hal/bf0_hal_lcdc.c:3633:5: note: in expansion of macro 'PTC_CODE'
 3633 |     PTC_CODE(PTC_HCPU_PTC1_DONE6,  &(hwp_lcdc1->LCD_SINGLE),      PTC_OP_WRITE, lcdc_single_wr);    //send command,
      |     ^~~~~~~~
sifli_hal/bf0_hal_lcdc.c:3206:95: error: 'PTC_OP_ADD' undeclared (first use in this function)
 3206 | #define PTC_CODE_SET_NEXT_PHASE(trigger)    PTC_CODE_EXT((trigger), 0, 0, &(p_DMACH0->CM0AR), PTC_OP_ADD, PTC_TABLE_BYTE)
      |                                                                                               ^~~~~~~~~~
sifli_hal/bf0_hal_lcdc.c:3187:32: note: in definition of macro 'PTC_CODE_EXT'
 3187 |         uint32_t _ptc_reg = (((op) << PTC_TCR1_OP_Pos) | (trigger));\
      |                                ^~
sifli_hal/bf0_hal_lcdc.c:3634:5: note: in expansion of macro 'PTC_CODE_SET_NEXT_PHASE'
 3634 |     PTC_CODE_SET_NEXT_PHASE(PTC_DMACH0_TC);
      |     ^~~~~~~~~~~~~~~~~~~~~~~
sifli_hal/bf0_hal_lcdc.c:3677:62: error: 'PTC_OP_OR' undeclared (first use in this function)
 3677 |     PTC_CODE(PTC_DMACH0_TC,   &(hwp_lcdc1->SPI_IF_CONF),     PTC_OP_OR, (data_len_mod4 - 1) << LCD_IF_SPI_IF_CONF_WR_LEN_Pos);
      |                                                              ^~~~~~~~~
sifli_hal/bf0_hal_lcdc.c:3187:32: note: in definition of macro 'PTC_CODE_EXT'
 3187 |         uint32_t _ptc_reg = (((op) << PTC_TCR1_OP_Pos) | (trigger));\
      |                                ^~
sifli_hal/bf0_hal_lcdc.c:3677:5: note: in expansion of macro 'PTC_CODE'
 3677 |     PTC_CODE(PTC_DMACH0_TC,   &(hwp_lcdc1->SPI_IF_CONF),     PTC_OP_OR, (data_len_mod4 - 1) << LCD_IF_SPI_IF_CONF_WR_LEN_Pos);
      |     ^~~~~~~~
sifli_hal/bf0_hal_lcdc.c: At top level:
sifli_hal/bf0_hal_lcdc.c:5258:26: warning: 'LCDC_RAMLESS_Start' defined but not used [-Wunused-function]
 5258 | static HAL_StatusTypeDef LCDC_RAMLESS_Start(LCDC_HandleTypeDef *lcdc)
      |                          ^~~~~~~~~~~~~~~~~~
sifli_hal/bf0_hal_lcdc.c:3160:26: warning: 'hdma_ptc_ch0' defined but not used [-Wunused-variable]
 3160 | static DMA_HandleTypeDef hdma_ptc_ch0 = {0};
      |                          ^~~~~~~~~~~~
make[1]: *** [Makefile:170: sifli_hal/bf0_hal_lcdc.o] Error 1
make: *** [tools/LibTargets.mk:170: arch/arm/src/libarch.a] Error 2
make: Leaving directory '/home/czy/openvela_contest/nuttx'
Error: ############# build /home/czy/openvela_contest/vendor/sifli/boards/sf32lb52/sf32lb52_lchspi_ulp/configs/nsh fail ##############
