LIBCLANG_PATH set to: /home/czy/openvela_contest/prebuilts/rust/linux/extra_libs
including vendor/infineon/boards/aurix/build/vendorsetup.sh
including vendor/infineon/boards/aurix_tc3/build/vendorsetup.sh
including vendor/openvela/boards/build/vendorsetup.sh
Build command line:
  /home/czy/openvela_contest/nuttx/tools/configure.sh -e /home/czy/openvela_contest/vendor/sifli/boards/sf32lb52/sf32lb52_lchspi_ulp/configs/nsh
  make -C /home/czy/openvela_contest/nuttx EXTRAFLAGS=-Wno-cpp -Wno-deprecated-declarations -j1
  make -C /home/czy/openvela_contest/nuttx savedefconfig
No configuration change.
make: Entering directory '/home/czy/openvela_contest/nuttx'
Makefile:169: target 'sf32lb_usbdev.o' given more than once in the same rule
[1KCC:  misc/lib_utsname.c [1K[1KIN: libs/libc/libc.a -> staging/libc.a [1KMakefile:169: target 'sf32lb_usbdev.o' given more than once in the same rule
[1KIN: arch/arm/src/libarch.a -> staging/libarch.a [1K[1KIN: /home/czy/openvela_contest/apps/libapps.a -> staging/libapps.a [1KMakefile:169: target 'sf32lb_usbdev.o' given more than once in the same rule
[1KCC:  bsp_init.c In file included from /home/czy/openvela_contest/nuttx/../vendor/sifli/chips/drivers/Include/bf0_hal_rcc.h:15,
                 from /home/czy/openvela_contest/nuttx/../vendor/sifli/chips/drivers/Include/bf0_hal_conf_hcpu.h:222,
                 from /home/czy/openvela_contest/nuttx/../vendor/sifli/chips/drivers/Include/bf0_hal.h:22,
                 from bsp_board.h:12,
                 from bsp_init.c:7:
/home/czy/openvela_contest/nuttx/../vendor/sifli/chips/drivers/Include/bf0_hal_def.h:57: warning: "UNUSED" redefined
   57 | #define UNUSED(X) (void)X      /* To avoid gcc/g++ warnings */
      | 
In file included from /home/czy/openvela_contest/nuttx/include/stdint.h:35,
                 from /home/czy/openvela_contest/nuttx/../vendor/sifli/chips/boards/include/drv_io.h:11,
                 from bsp_board.h:11:
/home/czy/openvela_contest/nuttx/include/nuttx/compiler.h:624: note: this is the location of the previous definition
  624 | #    define UNUSED(a) ((void)(1 || &(a)))
      | 
In file included from /home/czy/openvela_contest/nuttx/../vendor/sifli/chips/drivers/Include/bf0_hal_conf_hcpu.h:279:
/home/czy/openvela_contest/nuttx/../vendor/sifli/chips/drivers/Include/bf0_hal_mpi_ex.h:524:1: warning: function declaration isn't a prototype [-Wstrict-prototypes]
  524 | int HAL_QSPI_ENABLE_WDT();
      | ^~~
In file included from /home/czy/openvela_contest/nuttx/../vendor/sifli/chips/drivers/Include/bf0_hal_conf_hcpu.h:379:
/home/czy/openvela_contest/nuttx/../vendor/sifli/chips/drivers/Include/bf0_sys_cfg.h:167:1: warning: function declaration isn't a prototype [-Wstrict-prototypes]
  167 | char *BSP_Get_UserOTP_Cache();
      | ^~~~
/home/czy/openvela_contest/nuttx/../vendor/sifli/chips/drivers/Include/bf0_sys_cfg.h:168:1: warning: function declaration isn't a prototype [-Wstrict-prototypes]
  168 | char *BSP_Get_CustOTP_Cache();
      | ^~~~
/home/czy/openvela_contest/nuttx/../vendor/sifli/chips/drivers/Include/bf0_sys_cfg.h:170:1: warning: function declaration isn't a prototype [-Wstrict-prototypes]
  170 | char *BSP_Get_SysCfg_Cache();
      | ^~~~
/home/czy/openvela_contest/nuttx/../vendor/sifli/chips/drivers/Include/bf0_sys_cfg.h:175:1: warning: function declaration isn't a prototype [-Wstrict-prototypes]
  175 | uint32_t BSP_Get_Sip1_Mode();
      | ^~~~~~~~
/home/czy/openvela_contest/nuttx/../vendor/sifli/chips/drivers/Include/bf0_sys_cfg.h:176:1: warning: function declaration isn't a prototype [-Wstrict-prototypes]
  176 | uint32_t BSP_Get_Sip2_Mode();
      | ^~~~~~~~
In file included from /home/czy/openvela_contest/nuttx/../vendor/sifli/chips/drivers/Include/bf0_hal_conf_hcpu.h:383:
/home/czy/openvela_contest/nuttx/../vendor/sifli/chips/drivers/Include/bf0_hal_pmu.h:510:35: warning: function declaration isn't a prototype [-Wstrict-prototypes]
  510 | __STATIC_INLINE HAL_StatusTypeDef HAL_PMU_EnableChgWakeup()
      |                                   ^~~~~~~~~~~~~~~~~~~~~~~
/home/czy/openvela_contest/nuttx/../vendor/sifli/chips/drivers/Include/bf0_hal_pmu.h:518:35: warning: function declaration isn't a prototype [-Wstrict-prototypes]
  518 | __STATIC_INLINE HAL_StatusTypeDef HAL_PMU_DisableChgWakeup()
      |                                   ^~~~~~~~~~~~~~~~~~~~~~~~
In file included from /home/czy/openvela_contest/nuttx/../vendor/sifli/chips/drivers/Include/bf0_hal_conf_hcpu.h:431:
/home/czy/openvela_contest/nuttx/../vendor/sifli/chips/drivers/Include/bf0_hal_lrc_cal.h:64:1: warning: function declaration isn't a prototype [-Wstrict-prototypes]
   64 | float HAL_LPTIM_GetFreq();
      | ^~~~~
In file included from /home/czy/openvela_contest/nuttx/../vendor/sifli/chips/drivers/Include/bf0_hal_conf_hcpu.h:456:
/home/czy/openvela_contest/nuttx/../vendor/sifli/chips/drivers/Include/bf0_hal_audcodec.h:367:1: warning: function declaration isn't a prototype [-Wstrict-prototypes]
  367 | void HAL_TURN_OFF_PLL();
      | ^~~~
/home/czy/openvela_contest/nuttx/../vendor/sifli/chips/drivers/Include/bf0_hal_audcodec.h:538:1: warning: function declaration isn't a prototype [-Wstrict-prototypes]
  538 | uint8_t get_pll_state();
      | ^~~~~~~
/home/czy/openvela_contest/nuttx/../vendor/sifli/chips/drivers/Include/bf0_hal_audcodec.h:540:1: warning: function declaration isn't a prototype [-Wstrict-prototypes]
  540 | uint8_t get_pll_freq_type();
      | ^~~~~~~
/home/czy/openvela_contest/nuttx/../vendor/sifli/chips/drivers/Include/bf0_hal_audcodec.h:543:1: warning: function declaration isn't a prototype [-Wstrict-prototypes]
  543 | void bf0_disable_pll();
      | ^~~~
/home/czy/openvela_contest/nuttx/../vendor/sifli/chips/drivers/Include/bf0_hal_audcodec.h:544:1: warning: function declaration isn't a prototype [-Wstrict-prototypes]
  544 | void HAL_TURN_ON_PLL();
      | ^~~~
bsp_board.h:24:7: warning: "__ICCARM__" is not defined, evaluates to 0 [-Wundef]
   24 | #elif __ICCARM__
      |       ^~~~~~~~~~
bsp_init.c: In function 'BSP_Board_PreInit':
bsp_init.c:111:9: warning: implicit declaration of function 'HAL_HPAON_EnableXT48'; did you mean 'HAL_PMU_EnableRC48'? [-Wimplicit-function-declaration]
  111 |         HAL_HPAON_EnableXT48();
      |         ^~~~~~~~~~~~~~~~~~~~
      |         HAL_PMU_EnableRC48
bsp_init.c:120:9: warning: implicit declaration of function 'HAL_HPAON_WakeCore' [-Wimplicit-function-declaration]
  120 |         HAL_HPAON_WakeCore(CORE_ID_LCPU);
      |         ^~~~~~~~~~~~~~~~~~
bsp_init.c:126:9: warning: implicit declaration of function 'HAL_HPAON_StartGTimer' [-Wimplicit-function-declaration]
  126 |         HAL_HPAON_StartGTimer();
      |         ^~~~~~~~~~~~~~~~~~~~~
bsp_init.c:149:9: warning: implicit declaration of function 'HAL_HPAON_CANCEL_LP_ACTIVE_REQUEST' [-Wimplicit-function-declaration]
  149 |         HAL_HPAON_CANCEL_LP_ACTIVE_REQUEST();
      |         ^~~~~~~~~~~~~~~~~~~~~~~~~~~~~~~~~~
[1K[1KCC:  bsp_power.c In file included from /home/czy/openvela_contest/nuttx/../vendor/sifli/chips/drivers/Include/bf0_hal_rcc.h:15,
                 from /home/czy/openvela_contest/nuttx/../vendor/sifli/chips/drivers/Include/bf0_hal_conf_hcpu.h:222,
                 from /home/czy/openvela_contest/nuttx/../vendor/sifli/chips/drivers/Include/bf0_hal.h:22,
                 from bsp_board.h:12,
                 from bsp_power.c:1:
/home/czy/openvela_contest/nuttx/../vendor/sifli/chips/drivers/Include/bf0_hal_def.h:57: warning: "UNUSED" redefined
   57 | #define UNUSED(X) (void)X      /* To avoid gcc/g++ warnings */
      | 
In file included from /home/czy/openvela_contest/nuttx/include/stdint.h:35,
                 from /home/czy/openvela_contest/nuttx/../vendor/sifli/chips/boards/include/drv_io.h:11,
                 from bsp_board.h:11:
/home/czy/openvela_contest/nuttx/include/nuttx/compiler.h:624: note: this is the location of the previous definition
  624 | #    define UNUSED(a) ((void)(1 || &(a)))
      | 
In file included from /home/czy/openvela_contest/nuttx/../vendor/sifli/chips/drivers/Include/bf0_hal_conf_hcpu.h:279:
/home/czy/openvela_contest/nuttx/../vendor/sifli/chips/drivers/Include/bf0_hal_mpi_ex.h:524:1: warning: function declaration isn't a prototype [-Wstrict-prototypes]
  524 | int HAL_QSPI_ENABLE_WDT();
      | ^~~
In file included from /home/czy/openvela_contest/nuttx/../vendor/sifli/chips/drivers/Include/bf0_hal_conf_hcpu.h:379:
/home/czy/openvela_contest/nuttx/../vendor/sifli/chips/drivers/Include/bf0_sys_cfg.h:167:1: warning: function declaration isn't a prototype [-Wstrict-prototypes]
  167 | char *BSP_Get_UserOTP_Cache();
      | ^~~~
/home/czy/openvela_contest/nuttx/../vendor/sifli/chips/drivers/Include/bf0_sys_cfg.h:168:1: warning: function declaration isn't a prototype [-Wstrict-prototypes]
  168 | char *BSP_Get_CustOTP_Cache();
      | ^~~~
/home/czy/openvela_contest/nuttx/../vendor/sifli/chips/drivers/Include/bf0_sys_cfg.h:170:1: warning: function declaration isn't a prototype [-Wstrict-prototypes]
  170 | char *BSP_Get_SysCfg_Cache();
      | ^~~~
/home/czy/openvela_contest/nuttx/../vendor/sifli/chips/drivers/Include/bf0_sys_cfg.h:175:1: warning: function declaration isn't a prototype [-Wstrict-prototypes]
  175 | uint32_t BSP_Get_Sip1_Mode();
      | ^~~~~~~~
/home/czy/openvela_contest/nuttx/../vendor/sifli/chips/drivers/Include/bf0_sys_cfg.h:176:1: warning: function declaration isn't a prototype [-Wstrict-prototypes]
  176 | uint32_t BSP_Get_Sip2_Mode();
      | ^~~~~~~~
In file included from /home/czy/openvela_contest/nuttx/../vendor/sifli/chips/drivers/Include/bf0_hal_conf_hcpu.h:383:
/home/czy/openvela_contest/nuttx/../vendor/sifli/chips/drivers/Include/bf0_hal_pmu.h:510:35: warning: function declaration isn't a prototype [-Wstrict-prototypes]
  510 | __STATIC_INLINE HAL_StatusTypeDef HAL_PMU_EnableChgWakeup()
      |                                   ^~~~~~~~~~~~~~~~~~~~~~~
/home/czy/openvela_contest/nuttx/../vendor/sifli/chips/drivers/Include/bf0_hal_pmu.h:518:35: warning: function declaration isn't a prototype [-Wstrict-prototypes]
  518 | __STATIC_INLINE HAL_StatusTypeDef HAL_PMU_DisableChgWakeup()
      |                                   ^~~~~~~~~~~~~~~~~~~~~~~~
In file included from /home/czy/openvela_contest/nuttx/../vendor/sifli/chips/drivers/Include/bf0_hal_conf_hcpu.h:431:
/home/czy/openvela_contest/nuttx/../vendor/sifli/chips/drivers/Include/bf0_hal_lrc_cal.h:64:1: warning: function declaration isn't a prototype [-Wstrict-prototypes]
   64 | float HAL_LPTIM_GetFreq();
      | ^~~~~
In file included from /home/czy/openvela_contest/nuttx/../vendor/sifli/chips/drivers/Include/bf0_hal_conf_hcpu.h:456:
/home/czy/openvela_contest/nuttx/../vendor/sifli/chips/drivers/Include/bf0_hal_audcodec.h:367:1: warning: function declaration isn't a prototype [-Wstrict-prototypes]
  367 | void HAL_TURN_OFF_PLL();
      | ^~~~
/home/czy/openvela_contest/nuttx/../vendor/sifli/chips/drivers/Include/bf0_hal_audcodec.h:538:1: warning: function declaration isn't a prototype [-Wstrict-prototypes]
  538 | uint8_t get_pll_state();
      | ^~~~~~~
/home/czy/openvela_contest/nuttx/../vendor/sifli/chips/drivers/Include/bf0_hal_audcodec.h:540:1: warning: function declaration isn't a prototype [-Wstrict-prototypes]
  540 | uint8_t get_pll_freq_type();
      | ^~~~~~~
/home/czy/openvela_contest/nuttx/../vendor/sifli/chips/drivers/Include/bf0_hal_audcodec.h:543:1: warning: function declaration isn't a prototype [-Wstrict-prototypes]
  543 | void bf0_disable_pll();
      | ^~~~
/home/czy/openvela_contest/nuttx/../vendor/sifli/chips/drivers/Include/bf0_hal_audcodec.h:544:1: warning: function declaration isn't a prototype [-Wstrict-prototypes]
  544 | void HAL_TURN_ON_PLL();
      | ^~~~
bsp_board.h:24:7: warning: "__ICCARM__" is not defined, evaluates to 0 [-Wundef]
   24 | #elif __ICCARM__
      |       ^~~~~~~~~~
[1K[1KCC:  bsp_pinmux.c In file included from /home/czy/openvela_contest/nuttx/../vendor/sifli/chips/drivers/Include/bf0_hal_rcc.h:15,
                 from /home/czy/openvela_contest/nuttx/../vendor/sifli/chips/drivers/Include/bf0_hal_conf_hcpu.h:222,
                 from /home/czy/openvela_contest/nuttx/../vendor/sifli/chips/drivers/Include/bf0_hal.h:22,
                 from bsp_board.h:12,
                 from bsp_pinmux.c:7:
/home/czy/openvela_contest/nuttx/../vendor/sifli/chips/drivers/Include/bf0_hal_def.h:57: warning: "UNUSED" redefined
   57 | #define UNUSED(X) (void)X      /* To avoid gcc/g++ warnings */
      | 
In file included from /home/czy/openvela_contest/nuttx/include/stdint.h:35,
                 from /home/czy/openvela_contest/nuttx/../vendor/sifli/chips/boards/include/drv_io.h:11,
                 from bsp_board.h:11:
/home/czy/openvela_contest/nuttx/include/nuttx/compiler.h:624: note: this is the location of the previous definition
  624 | #    define UNUSED(a) ((void)(1 || &(a)))
      | 
In file included from /home/czy/openvela_contest/nuttx/../vendor/sifli/chips/drivers/Include/bf0_hal_conf_hcpu.h:279:
/home/czy/openvela_contest/nuttx/../vendor/sifli/chips/drivers/Include/bf0_hal_mpi_ex.h:524:1: warning: function declaration isn't a prototype [-Wstrict-prototypes]
  524 | int HAL_QSPI_ENABLE_WDT();
      | ^~~
In file included from /home/czy/openvela_contest/nuttx/../vendor/sifli/chips/drivers/Include/bf0_hal_conf_hcpu.h:379:
/home/czy/openvela_contest/nuttx/../vendor/sifli/chips/drivers/Include/bf0_sys_cfg.h:167:1: warning: function declaration isn't a prototype [-Wstrict-prototypes]
  167 | char *BSP_Get_UserOTP_Cache();
      | ^~~~
/home/czy/openvela_contest/nuttx/../vendor/sifli/chips/drivers/Include/bf0_sys_cfg.h:168:1: warning: function declaration isn't a prototype [-Wstrict-prototypes]
  168 | char *BSP_Get_CustOTP_Cache();
      | ^~~~
/home/czy/openvela_contest/nuttx/../vendor/sifli/chips/drivers/Include/bf0_sys_cfg.h:170:1: warning: function declaration isn't a prototype [-Wstrict-prototypes]
  170 | char *BSP_Get_SysCfg_Cache();
      | ^~~~
/home/czy/openvela_contest/nuttx/../vendor/sifli/chips/drivers/Include/bf0_sys_cfg.h:175:1: warning: function declaration isn't a prototype [-Wstrict-prototypes]
  175 | uint32_t BSP_Get_Sip1_Mode();
      | ^~~~~~~~
/home/czy/openvela_contest/nuttx/../vendor/sifli/chips/drivers/Include/bf0_sys_cfg.h:176:1: warning: function declaration isn't a prototype [-Wstrict-prototypes]
  176 | uint32_t BSP_Get_Sip2_Mode();
      | ^~~~~~~~
In file included from /home/czy/openvela_contest/nuttx/../vendor/sifli/chips/drivers/Include/bf0_hal_conf_hcpu.h:383:
/home/czy/openvela_contest/nuttx/../vendor/sifli/chips/drivers/Include/bf0_hal_pmu.h:510:35: warning: function declaration isn't a prototype [-Wstrict-prototypes]
  510 | __STATIC_INLINE HAL_StatusTypeDef HAL_PMU_EnableChgWakeup()
      |                                   ^~~~~~~~~~~~~~~~~~~~~~~
/home/czy/openvela_contest/nuttx/../vendor/sifli/chips/drivers/Include/bf0_hal_pmu.h:518:35: warning: function declaration isn't a prototype [-Wstrict-prototypes]
  518 | __STATIC_INLINE HAL_StatusTypeDef HAL_PMU_DisableChgWakeup()
      |                                   ^~~~~~~~~~~~~~~~~~~~~~~~
In file included from /home/czy/openvela_contest/nuttx/../vendor/sifli/chips/drivers/Include/bf0_hal_conf_hcpu.h:431:
/home/czy/openvela_contest/nuttx/../vendor/sifli/chips/drivers/Include/bf0_hal_lrc_cal.h:64:1: warning: function declaration isn't a prototype [-Wstrict-prototypes]
   64 | float HAL_LPTIM_GetFreq();
      | ^~~~~
In file included from /home/czy/openvela_contest/nuttx/../vendor/sifli/chips/drivers/Include/bf0_hal_conf_hcpu.h:456:
/home/czy/openvela_contest/nuttx/../vendor/sifli/chips/drivers/Include/bf0_hal_audcodec.h:367:1: warning: function declaration isn't a prototype [-Wstrict-prototypes]
  367 | void HAL_TURN_OFF_PLL();
      | ^~~~
/home/czy/openvela_contest/nuttx/../vendor/sifli/chips/drivers/Include/bf0_hal_audcodec.h:538:1: warning: function declaration isn't a prototype [-Wstrict-prototypes]
  538 | uint8_t get_pll_state();
      | ^~~~~~~
/home/czy/openvela_contest/nuttx/../vendor/sifli/chips/drivers/Include/bf0_hal_audcodec.h:540:1: warning: function declaration isn't a prototype [-Wstrict-prototypes]
  540 | uint8_t get_pll_freq_type();
      | ^~~~~~~
/home/czy/openvela_contest/nuttx/../vendor/sifli/chips/drivers/Include/bf0_hal_audcodec.h:543:1: warning: function declaration isn't a prototype [-Wstrict-prototypes]
  543 | void bf0_disable_pll();
      | ^~~~
/home/czy/openvela_contest/nuttx/../vendor/sifli/chips/drivers/Include/bf0_hal_audcodec.h:544:1: warning: function declaration isn't a prototype [-Wstrict-prototypes]
  544 | void HAL_TURN_ON_PLL();
      | ^~~~
bsp_board.h:24:7: warning: "__ICCARM__" is not defined, evaluates to 0 [-Wundef]
   24 | #elif __ICCARM__
      |       ^~~~~~~~~~
bsp_pinmux.c:11:13: warning: function declaration isn't a prototype [-Wstrict-prototypes]
   11 | static void board_pinmux_psram_func0()
      |             ^~~~~~~~~~~~~~~~~~~~~~~~
bsp_pinmux.c:71:13: warning: function declaration isn't a prototype [-Wstrict-prototypes]
   71 | static void board_pinmux_psram_func3()
      |             ^~~~~~~~~~~~~~~~~~~~~~~~
[1K[1KCC:  ../../drivers/lcd/co5300.c In file included from /home/czy/openvela_contest/nuttx/../vendor/sifli/chips/drivers/Include/bf0_hal_rcc.h:15,
                 from /home/czy/openvela_contest/nuttx/../vendor/sifli/chips/drivers/Include/bf0_hal_conf_hcpu.h:222,
                 from /home/czy/openvela_contest/nuttx/../vendor/sifli/chips/drivers/Include/bf0_hal.h:22,
                 from ../../drivers/lcd/sf32lb_lcd.h:8,
                 from ../../drivers/lcd/co5300.c:13:
/home/czy/openvela_contest/nuttx/../vendor/sifli/chips/drivers/Include/bf0_hal_def.h:57: warning: "UNUSED" redefined
   57 | #define UNUSED(X) (void)X      /* To avoid gcc/g++ warnings */
      | 
In file included from /home/czy/openvela_contest/nuttx/include/string.h:31,
                 from ../../drivers/lcd/co5300.c:12:
/home/czy/openvela_contest/nuttx/include/nuttx/compiler.h:624: note: this is the location of the previous definition
  624 | #    define UNUSED(a) ((void)(1 || &(a)))
      | 
In file included from /home/czy/openvela_contest/nuttx/../vendor/sifli/chips/drivers/Include/bf0_hal_conf_hcpu.h:279:
/home/czy/openvela_contest/nuttx/../vendor/sifli/chips/drivers/Include/bf0_hal_mpi_ex.h:524:1: warning: function declaration isn't a prototype [-Wstrict-prototypes]
  524 | int HAL_QSPI_ENABLE_WDT();
      | ^~~
In file included from /home/czy/openvela_contest/nuttx/../vendor/sifli/chips/drivers/Include/bf0_hal_conf_hcpu.h:379:
/home/czy/openvela_contest/nuttx/../vendor/sifli/chips/drivers/Include/bf0_sys_cfg.h:167:1: warning: function declaration isn't a prototype [-Wstrict-prototypes]
  167 | char *BSP_Get_UserOTP_Cache();
      | ^~~~
/home/czy/openvela_contest/nuttx/../vendor/sifli/chips/drivers/Include/bf0_sys_cfg.h:168:1: warning: function declaration isn't a prototype [-Wstrict-prototypes]
  168 | char *BSP_Get_CustOTP_Cache();
      | ^~~~
/home/czy/openvela_contest/nuttx/../vendor/sifli/chips/drivers/Include/bf0_sys_cfg.h:170:1: warning: function declaration isn't a prototype [-Wstrict-prototypes]
  170 | char *BSP_Get_SysCfg_Cache();
      | ^~~~
/home/czy/openvela_contest/nuttx/../vendor/sifli/chips/drivers/Include/bf0_sys_cfg.h:175:1: warning: function declaration isn't a prototype [-Wstrict-prototypes]
  175 | uint32_t BSP_Get_Sip1_Mode();
      | ^~~~~~~~
/home/czy/openvela_contest/nuttx/../vendor/sifli/chips/drivers/Include/bf0_sys_cfg.h:176:1: warning: function declaration isn't a prototype [-Wstrict-prototypes]
  176 | uint32_t BSP_Get_Sip2_Mode();
      | ^~~~~~~~
In file included from /home/czy/openvela_contest/nuttx/../vendor/sifli/chips/drivers/Include/bf0_hal_conf_hcpu.h:383:
/home/czy/openvela_contest/nuttx/../vendor/sifli/chips/drivers/Include/bf0_hal_pmu.h:510:35: warning: function declaration isn't a prototype [-Wstrict-prototypes]
  510 | __STATIC_INLINE HAL_StatusTypeDef HAL_PMU_EnableChgWakeup()
      |                                   ^~~~~~~~~~~~~~~~~~~~~~~
/home/czy/openvela_contest/nuttx/../vendor/sifli/chips/drivers/Include/bf0_hal_pmu.h:518:35: warning: function declaration isn't a prototype [-Wstrict-prototypes]
  518 | __STATIC_INLINE HAL_StatusTypeDef HAL_PMU_DisableChgWakeup()
      |                                   ^~~~~~~~~~~~~~~~~~~~~~~~
In file included from /home/czy/openvela_contest/nuttx/../vendor/sifli/chips/drivers/Include/bf0_hal_conf_hcpu.h:431:
/home/czy/openvela_contest/nuttx/../vendor/sifli/chips/drivers/Include/bf0_hal_lrc_cal.h:64:1: warning: function declaration isn't a prototype [-Wstrict-prototypes]
   64 | float HAL_LPTIM_GetFreq();
      | ^~~~~
In file included from /home/czy/openvela_contest/nuttx/../vendor/sifli/chips/drivers/Include/bf0_hal_conf_hcpu.h:456:
/home/czy/openvela_contest/nuttx/../vendor/sifli/chips/drivers/Include/bf0_hal_audcodec.h:367:1: warning: function declaration isn't a prototype [-Wstrict-prototypes]
  367 | void HAL_TURN_OFF_PLL();
      | ^~~~
/home/czy/openvela_contest/nuttx/../vendor/sifli/chips/drivers/Include/bf0_hal_audcodec.h:538:1: warning: function declaration isn't a prototype [-Wstrict-prototypes]
  538 | uint8_t get_pll_state();
      | ^~~~~~~
/home/czy/openvela_contest/nuttx/../vendor/sifli/chips/drivers/Include/bf0_hal_audcodec.h:540:1: warning: function declaration isn't a prototype [-Wstrict-prototypes]
  540 | uint8_t get_pll_freq_type();
      | ^~~~~~~
/home/czy/openvela_contest/nuttx/../vendor/sifli/chips/drivers/Include/bf0_hal_audcodec.h:543:1: warning: function declaration isn't a prototype [-Wstrict-prototypes]
  543 | void bf0_disable_pll();
      | ^~~~
/home/czy/openvela_contest/nuttx/../vendor/sifli/chips/drivers/Include/bf0_hal_audcodec.h:544:1: warning: function declaration isn't a prototype [-Wstrict-prototypes]
  544 | void HAL_TURN_ON_PLL();
      | ^~~~
../../drivers/lcd/co5300.c: In function 'LCD_WritePixel':
../../drivers/lcd/co5300.c:405:13: warning: unused variable 'data' [-Wunused-variable]
  405 |     uint8_t data = 0;
      |             ^~~~
In file included from /home/czy/openvela_contest/nuttx/include/debug.h:44,
                 from /home/czy/openvela_contest/nuttx/../vendor/sifli/chips/sf32lb52/include/debug.h:53,
                 from ../../drivers/lcd/sf32lb_lcd.h:11:
../../drivers/lcd/co5300.c: In function 'LCD_ReadPixel':
../../drivers/lcd/co5300.c:487:18: warning: format '%x' expects argument of type 'unsigned int', but argument 3 has type 'uint32_t' {aka 'long unsigned int'} [-Wformat=]
  487 |     DEBUG_PRINTF("result: [%x]\n", read_value);
      |                  ^~~~~~~~~~~~~~~~  ~~~~~~~~~~
      |                                    |
      |                                    uint32_t {aka long unsigned int}
../../drivers/lcd/co5300.c:487:5: note: in expansion of macro 'DEBUG_PRINTF'
  487 |     DEBUG_PRINTF("result: [%x]\n", read_value);
      |     ^~~~~~~~~~~~
../../drivers/lcd/co5300.c:487:29: note: format string is defined here
  487 |     DEBUG_PRINTF("result: [%x]\n", read_value);
      |                            ~^
      |                             |
      |                             unsigned int
      |                            %lx
../../drivers/lcd/co5300.c: At top level:
../../drivers/lcd/co5300.c:186:13: warning: 'LCD_Clear' defined but not used [-Wunused-function]
  186 | static void LCD_Clear(LCDC_HandleTypeDef *hlcdc)
      |             ^~~~~~~~~
[1K[1KCPP:  /home/czy/openvela_contest/nuttx/../vendor/sifli/boards/sf32lb52/sf32lb52_lchspi_ulp/scripts/ld.script-> /home/czy/openvela_contest/nuttx/../vendor/sifli/boards/sf32lb52/sf32lb52_lchspi_ulp/scripts/ld.script.tmp [1KLD: nuttx
[1KCC:  allsyms.tmp [1Karm-none-eabi-ld:/home/czy/openvela_contest/nuttx/../vendor/sifli/boards/sf32lb52/sf32lb52_lchspi_ulp/scripts/ld.script.tmp:1: syntax error
make[1]: *** [Makefile:223: nuttx] Error 1
make: *** [tools/Unix.mk:551: nuttx] Error 2
make: Leaving directory '/home/czy/openvela_contest/nuttx'
Error: ############# build /home/czy/openvela_contest/vendor/sifli/boards/sf32lb52/sf32lb52_lchspi_ulp/configs/nsh fail ##############
