--- HCPU enabled macros ---
21:#define HAL_ADC_MODULE_ENABLED
22:#define HAL_AES_MODULE_ENABLED
23:#define HAL_AON_MODULE_ENABLED
24:#define HAL_CACHE_MODULE_ENABLED
25:#define HAL_CORTEX_MODULE_ENABLED
26:#define HAL_CRC_MODULE_ENABLED
27:#define HAL_DMA_MODULE_ENABLED
28:#define HAL_EFUSE_MODULE_ENABLED
29:#define HAL_EPIC_MODULE_ENABLED
30:#define HAL_EZIP_MODULE_ENABLED
31:#define HAL_EXTDMA_MODULE_ENABLED
32:#define HAL_GPIO_MODULE_ENABLED
33:#define HAL_GPT_MODULE_ENABLED
34:#define HAL_HCD_MODULE_ENABLED
35:#define HAL_I2C_MODULE_ENABLED
36:#define HAL_I2S_MODULE_ENABLED
37:#define HAL_LCD_MODULE_ENABLED
38:#define HAL_LCPU_CONFIGURE_ENABLED
40:#define HAL_LRC_CAL_ENABLED
41:#define HAL_LPTIM_MODULE_ENABLED
42:#define HAL_MAILBOX_MODULE_ENABLED
43:#define HAL_MMC_MODULE_ENABLED
44:#define HAL_MODULE_ENABLED
45:#define HAL_PCD_MODULE_ENABLED
46:#define HAL_PDM_MODULE_ENABLED
47:#define HAL_PINMUX_MODULE_ENABLED
48:#define HAL_PMU_MODULE_ENABLED
51:#define HAL_RCC_MODULE_ENABLED
52:#define HAL_RNG_MODULE_ENABLED
53:#define HAL_RTC_MODULE_ENABLED
54:#define HAL_SDHCI_MODULE_ENABLED
55:#define HAL_SPI_MODULE_ENABLED
57:#define HAL_SYSTEM_CONFIG_ENABLED
59:#define HAL_TSEN_MODULE_ENABLED
60:#define HAL_UART_MODULE_ENABLED
61:#define HAL_WDT_MODULE_ENABLED
64:#define HAL_SECU_MODULE_ENABLED
66:#define HAL_COMP_MODULE_ENABLED
67:#define HAL_BUSMON_MODULE_ENABLED
68:#define HAL_NNACC_MODULE_ENABLED
72:#define HAL_QSPI_MODULE_ENABLED
73:#define HAL_PSRAM_MODULE_ENABLED
75:#define HAL_ATIM_MODULE_ENABLED
76:#define HAL_MPI_MODULE_ENABLED
77:#define HAL_MATH_MODULE_ENABLED
81:#define HAL_V2D_GPU_MODULE_ENABLED
85:#define HAL_AUDCODEC_MODULE_ENABLED
86:#define HAL_AUDPRC_MODULE_ENABLED
87:#define HAL_FACC_MODULE_ENABLED
88:#define HAL_FFT_MODULE_ENABLED
89:#define HAL_ATOMIC_FIX_ENABLED
93:#define HAL_AUDPRC_MODULE_ENABLED
94:#define HAL_AUDCODEC_MODULE_ENABLED
98:#define HAL_HASH_MODULE_ENABLED
99:#define HAL_SD_MODULE_ENABLED
101:#define HAL_DSI_MODULE_ENABLED

--- LCPU enabled macros ---
21:#define HAL_AON_MODULE_ENABLED
22:#define HAL_CORTEX_MODULE_ENABLED
23:#define HAL_DMA_MODULE_ENABLED
24:#define HAL_GPIO_MODULE_ENABLED
25:#define HAL_GPT_MODULE_ENABLED
26:#define HAL_I2C_MODULE_ENABLED
28:#define HAL_LCPU_CONFIGURE_ENABLED
29:#define HAL_LPTIM_MODULE_ENABLED
30:#define HAL_LRC_CAL_ENABLED
31:#define HAL_MAILBOX_MODULE_ENABLED
32:#define HAL_MODULE_ENABLED
33:#define HAL_PINMUX_MODULE_ENABLED
34:#define HAL_PMU_MODULE_ENABLED
37:#define HAL_RCC_MODULE_ENABLED
38:#define HAL_SPI_MODULE_ENABLED
39:#define HAL_UART_MODULE_ENABLED
40:#define HAL_WDT_MODULE_ENABLED
43:#define HAL_SECU_MODULE_ENABLED
45:#define HAL_ADC_MODULE_ENABLED
46:#define HAL_BUSMON_MODULE_ENABLED
47:#define HAL_I2S_MODULE_ENABLED
48:#define HAL_RTC_MODULE_ENABLED
49:#define HAL_TSEN_MODULE_ENABLED
53:#define HAL_QSPI_MODULE_ENABLED
55:#define HAL_CACHE_MODULE_ENABLED
56:#define HAL_CRC_MODULE_ENABLED
57:#define HAL_MPI_MODULE_ENABLED
61:#define HAL_SYSTEM_CONFIG_ENABLED
65:#define HAL_FACC_MODULE_ENABLED
66:#define HAL_FFT_MODULE_ENABLED
67:#define HAL_NNACC_MODULE_ENABLED
71:#define HAL_LCD_MODULE_ENABLED
78:#define HAL_ATOMIC_FIX_ENABLED
80:#define HAL_MATH_MODULE_ENABLED
