# Final local status after cleanup
2026-06-30T11:42:13+08:00
## nuttx status
?? arch/arm/src/ipc_queue
## vendor/sifli status
 M boards/sf32lb52/sf32lb52_lchspi_ulp/configs/nsh/defconfig
?? boards/sf32lb52/sf32lb52_lchspi_ulp/configs/nsh/defconfig.velabridge-local-softfloat.bak.20260630113727
## team repo status
?? logs/local_build_fix/
## log files
00_env_check.log
00_pre_clean_inspection.log
00_prepare_clean_build.log
01_clean_build.log
02_after_ipc_fix.log
02_ipc_fix_analysis.log
03_after_soft_float.log
03_fpu_analysis_before.log
03_soft_float_edit.log
05_artifacts.txt
05_artifacts_find_errors.txt
98_cleanup_generated_artifacts.log
99_final_status.log
build_fix_report.md
last_errors.txt
## last errors tail
contest2026_039_weilaxinghe/logs/local_build_fix/01_clean_build.log:chip/Make.defs:76: ipc_queue/Make.defs: No such file or directory
contest2026_039_weilaxinghe/logs/local_build_fix/01_clean_build.log:cc1: error: '-mfloat-abi=hard': selected architecture lacks an FPU
contest2026_039_weilaxinghe/logs/local_build_fix/02_after_ipc_fix.log:cc1: error: '-mfloat-abi=hard': selected architecture lacks an FPU
contest2026_039_weilaxinghe/logs/local_build_fix/03_after_soft_float.log:[1KCPP:  etc/init.d/rc.sysinit-> etctmp/etc/init.d/rc.sysinit [1K[1KCPP:  etc/init.d/rcS-> etctmp/etc/init.d/rcS [1K./sifli_ap.c:40:10: fatal error: bf0_hal.h: No such file or directory
## artifact count
403 contest2026_039_weilaxinghe/logs/local_build_fix/05_artifacts.txt
