LIBCLANG_PATH set to: /home/czy/openvela_contest/prebuilts/rust/linux/extra_libs
including vendor/infineon/boards/aurix/build/vendorsetup.sh
including vendor/infineon/boards/aurix_tc3/build/vendorsetup.sh
including vendor/openvela/boards/build/vendorsetup.sh
Build command line:
  /home/czy/openvela_contest/nuttx/tools/configure.sh -e /home/czy/openvela_contest/vendor/sifli/boards/sf32lb52/sf32lb52_lchspi_ulp/configs/nsh
  make -C /home/czy/openvela_contest/nuttx EXTRAFLAGS=-Wno-cpp -Wno-deprecated-declarations -j1
  make -C /home/czy/openvela_contest/nuttx savedefconfig
No configuration change.
make: Entering directory '/home/czy/openvela_contest/nuttx'
Makefile:169: target 'sf32lb_usbdev.o' given more than once in the same rule
Makefile:169: target 'sf32lb_usbdev.o' given more than once in the same rule
./sifli_external/CMSIS/RTOS2/RT-Thread/os_systick.c:25:10: fatal error: os_tick.h: No such file or directory
   25 | #include "os_tick.h"
      |          ^~~~~~~~~~~
compilation terminated.
ERROR: arm-none-eabi-gcc failed: 1
       command: arm-none-eabi-gcc -MT ./os_systick.o  -M '-Wstrict-prototypes' '-Wno-attributes' '-Wno-unknown-pragmas' '-Wno-psabi' '-fno-omit-frame-pointer' '-funwind-tables' '-fasynchronous-unwind-tables' '--param=min-pagesize=0' '-Wno-alloc-size-larger-than' '-fno-common' '-Wall' '-Wshadow' '-Wundef' '-ffunction-sections' '-fdata-sections' '-g3' '-mlittle-endian' '-march=armv7-m' '-mtune=cortex-m3' '-mfloat-abi=soft' '-mfloat-abi=soft' '-mthumb' '-Wa,-mthumb' '-Wa,-mimplicit-it=always' '-isystem' '/home/czy/openvela_contest/nuttx/include' '-I' '/home/czy/openvela_contest/nuttx/../vendor/sifli/chips/drivers/Include' '-I' '/home/czy/openvela_contest/nuttx/../vendor/sifli/chips/drivers/cmsis/Include' '-I' '/home/czy/openvela_contest/nuttx/../vendor/sifli/chips/drivers/cmsis/sf32lb52x' '-I' '/home/czy/openvela_contest/nuttx/../vendor/sifli/chips/external/CMSIS/Include' '-I' '/home/czy/openvela_contest/nuttx/../vendor/sifli/chips/sf32lb52' '-I' '/home/czy/openvela_contest/nuttx/../vendor/sifli/chips/sf32lb52/include' '-I' '/home/czy/openvela_contest/nuttx/../vendor/sifli/chips/boards/include' '-I' '/home/czy/openvela_contest/nuttx/../vendor/sifli/chips/boards/include/config/sf32lb52x' '-I' '/home/czy/openvela_contest/nuttx/../vendor/sifli/boards/sf32lb52/sf32lb52_lchspi_ulp/include' '-D__NuttX__' '-DSOC_BF0_HCPU=1' '-DSF32LB52X=1' '-DUSE_HAL_DRIVER=1' '-DHAL_TICK_PER_SECOND=1000' '-include' '/home/czy/openvela_contest/vendor/sifli/chips/sf32lb52/openvela_local_compat.h' '-D__KERNEL__' '-Wno-cpp' '-Wno-deprecated-declarations' '-pipe' '-Werror=return-type' '-Werror' '-Wno-error' '-Wno-error=strict-prototypes' '-Wno-error=return-type' '-Wno-error=undef' '-Wno-error=implicit-function-declaration' '-I' '/home/czy/openvela_contest/apps/crypto/mbedtls/include' '-I' '/home/czy/openvela_contest/apps/crypto/mbedtls/mbedtls/include' '-I' '/home/czy/openvela_contest/apps/frameworks/runtimes/feature/include' '-I' '/home/czy/openvela_contest/apps/external/protobuf-c/protobuf-c' '-I' '/home/czy/openvela_contest/apps/frameworks/security/include' '-I' '/home/czy/openvela_contest/apps/frameworks/system/utils/include' '-I' '/home/czy/openvela_contest/apps/graphics/lvgl' '-I' '/home/czy/openvela_contest/apps/graphics/lvgl/lvgl' '-I' '/home/czy/openvela_contest/apps/include' '-I' '/home/czy/openvela_contest/nuttx/arch/arm/src/ipc_queue' '-I' '/home/czy/openvela_contest/nuttx/arch/arm/src/ipc_queue/common' '-I' '/home/czy/openvela_contest/nuttx/arch/arm/src/ipc_queue/porting/os/vela' '-I' '/home/czy/openvela_contest/nuttx/arch/arm/src/ipc_queue/porting/sf32lb52x/hcpu' '-I' '/home/czy/openvela_contest/nuttx/../vendor/sifli/chips/drivers/Include' '-I' '/home/czy/openvela_contest/nuttx/../vendor/sifli/chips/drivers/cmsis/Include' '-I' '/home/czy/openvela_contest/nuttx/../vendor/sifli/chips/drivers/cmsis/sf32lb52x' '-I' '/home/czy/openvela_contest/nuttx/../vendor/sifli/chips/external/CMSIS/Include' '-I' '/home/czy/openvela_contest/nuttx/../vendor/sifli/chips/sf32lb52' '-I' '/home/czy/openvela_contest/nuttx/../vendor/sifli/chips/sf32lb52/include' '-I' '/home/czy/openvela_contest/nuttx/../vendor/sifli/chips/boards/include' '-I' '/home/czy/openvela_contest/nuttx/../vendor/sifli/chips/boards/include/config/sf32lb52x' '-I' '/home/czy/openvela_contest/nuttx/../vendor/sifli/boards/sf32lb52/sf32lb52_lchspi_ulp/include' '-I' '/home/czy/openvela_contest/nuttx/arch/arm/src/chip' '-I' '/home/czy/openvela_contest/nuttx/arch/arm/src/common' '-I' '/home/czy/openvela_contest/nuttx/arch/arm/src/armv8-m' '-I' '/home/czy/openvela_contest/nuttx/sched' '-I' '/home/czy/openvela_contest/nuttx/arch/arm/src/arm_m' ./sifli_external/CMSIS/RTOS2/RT-Thread/os_systick.c
make[2]: *** [/home/czy/openvela_contest/nuttx/tools/Config.mk:233: sifli_external/CMSIS/RTOS2/RT-Thread/os_systick.ddc] Error 1
make[1]: *** [Makefile:270: .depend] Error 2
make: *** [tools/Unix.mk:660: pass2dep] Error 2
make: Leaving directory '/home/czy/openvela_contest/nuttx'
Error: ############# build /home/czy/openvela_contest/vendor/sifli/boards/sf32lb52/sf32lb52_lchspi_ulp/configs/nsh fail ##############
